// Jest Snapshot v1, https://goo.gl/fbAQLP

exports[`TextInput basic 1`] = `
.c1 {
  box-sizing: border-box;
  font-size: inherit;
  border: none;
  -webkit-appearance: none;
  padding: 11px;
  outline: none;
  background: transparent;
  color: inherit;
  font-weight: 600;
  margin: 0;
  border: 1px solid rgba(0,0,0,0.33);
  border-radius: 4px;
  width: 100%;
}

.c1::-webkit-search-decoration {
  -webkit-appearance: none;
}

.c1::-webkit-input-placeholder {
  color: #AAAAAA;
}

.c1::-moz-placeholder {
  color: #AAAAAA;
}

.c1:-ms-input-placeholder {
  color: #AAAAAA;
}

.c1::-moz-focus-inner {
  border: none;
  outline: none;
}

.c0 {
  position: relative;
  width: 100%;
}

<div
  class="c0"
>
  <input
    autocomplete="off"
    class="c1"
    name="item"
    value=""
  />
</div>
`;

exports[`TextInput close suggestion drop 1`] = `
.c0 {
  font-size: 18px;
  line-height: 24px;
  color: #444444;
  box-sizing: border-box;
  -webkit-text-size-adjust: 100%;
  -ms-text-size-adjust: 100%;
  -moz-osx-font-smoothing: grayscale;
  -webkit-font-smoothing: antialiased;
}

.c2 {
  box-sizing: border-box;
  font-size: inherit;
  border: none;
  -webkit-appearance: none;
  padding: 11px;
  outline: none;
  background: transparent;
  color: inherit;
  font-weight: 600;
  margin: 0;
  border: 1px solid rgba(0,0,0,0.33);
  border-radius: 4px;
  width: 100%;
}

.c2::-webkit-search-decoration {
  -webkit-appearance: none;
}

.c2::-webkit-input-placeholder {
  color: #AAAAAA;
}

.c2::-moz-placeholder {
  color: #AAAAAA;
}

.c2:-ms-input-placeholder {
  color: #AAAAAA;
}

.c2::-moz-focus-inner {
  border: none;
  outline: none;
}

.c1 {
  position: relative;
  width: 100%;
}

<div
  class="c0"
>
  <div
    class="c1"
  >
    <input
      autocomplete="off"
      class="c2"
      data-testid="test-input"
      id="item"
      name="item"
      value=""
    />
  </div>
</div>
`;

exports[`TextInput close suggestion drop 2`] = `
.c2 {
  display: -webkit-box;
  display: -webkit-flex;
  display: -ms-flexbox;
  display: flex;
  box-sizing: border-box;
  outline: none;
  max-width: 100%;
  min-width: 0;
  min-height: 0;
  -webkit-flex-direction: column;
  -ms-flex-direction: column;
  flex-direction: column;
  margin: 0px;
  padding: 0px;
  overflow: auto;
}

.c5 {
  display: -webkit-box;
  display: -webkit-flex;
  display: -ms-flexbox;
  display: flex;
  box-sizing: border-box;
  outline: none;
  max-width: 100%;
  -webkit-align-items: flex-start;
  -webkit-box-align: flex-start;
  -ms-flex-align: flex-start;
  align-items: flex-start;
  min-width: 0;
  min-height: 0;
  -webkit-flex-direction: column;
  -ms-flex-direction: column;
  flex-direction: column;
  margin: 0px;
  padding: 12px;
}

.c4 {
  display: inline-block;
  box-sizing: border-box;
  cursor: pointer;
  outline: none;
  font: inherit;
  -webkit-text-decoration: none;
  text-decoration: none;
  margin: 0;
  background: transparent;
  overflow: visible;
  text-transform: none;
  color: inherit;
  border: none;
  padding: 0;
  text-align: inherit;
  width: 100%;
  height: 100%;
  max-width: none;
  -webkit-flex: 1 0 auto;
  -ms-flex: 1 0 auto;
  flex: 1 0 auto;
}

.c4:hover {
  background-color: rgba(221,221,221,0.4);
  color: #444444;
  color: black;
}

.c0 {
  font-size: 18px;
  line-height: 24px;
  color: #444444;
  box-sizing: border-box;
  -webkit-text-size-adjust: 100%;
  -ms-text-size-adjust: 100%;
  -moz-osx-font-smoothing: grayscale;
  -webkit-font-smoothing: antialiased;
  border-radius: 0px;
  box-shadow: 0px 3px 8px rgba(100,100,100,0.50);
  position: fixed;
  z-index: 20;
  outline: none;
  background: #ffffff;
  color: #444444;
  opacity: 0;
  -webkit-transform-origin: top left;
  -ms-transform-origin: top left;
  transform-origin: top left;
  -webkit-animation: jNdvGQ 0.1s forwards;
  animation: jNdvGQ 0.1s forwards;
  -webkit-animation-delay: 0.01s;
  animation-delay: 0.01s;
}

.c3 {
  border-top-left-radius: 0;
  border-top-right-radius: 0;
  margin: 0;
  padding: 0;
  list-style-type: none;
}

.c1 {
  max-height: inherit;
}

@media only screen and (max-width:699px) {
  .c2 {
    margin: 0px;
  }
}

@media only screen and (max-width:699px) {
  .c2 {
    padding: 0px;
  }
}

@media only screen and (max-width:699px) {
  .c5 {
    margin: 0px;
  }
}

@media only screen and (max-width:699px) {
  .c5 {
    padding: 6px;
  }
}

@media only screen and (min-width:700px) {
  .c4 {
    -webkit-transition: 0.1s ease-in-out;
    transition: 0.1s ease-in-out;
  }
}

@media screen and (-ms-high-contrast:active),(-ms-high-contrast:none) {
  .c0 {
    display: -webkit-box;
    display: -webkit-flex;
    display: -ms-flexbox;
    display: flex;
    -webkit-align-items: stretch;
    -webkit-box-align: stretch;
    -ms-flex-align: stretch;
    align-items: stretch;
  }
}

@media screen and (-ms-high-contrast:active),(-ms-high-contrast:none) {
  .c1 {
    width: 100%;
  }
}

<div
  class="c0"
  id="text-input-drop__item"
  style="left: 0px; width: 0.1px; top: 0px; max-height: 768px;"
  tabindex="-1"
>
  <div
    class="c1 c2"
  >
    <ol
      class="c3"
    >
      <li>
        <button
          class="c4"
          type="button"
        >
          <div
            class="c5"
          >
            test
          </div>
        </button>
      </li>
      <li>
        <button
          class="c4"
          type="button"
        >
          <div
            class="c5"
          >
            test1
          </div>
        </button>
      </li>
    </ol>
  </div>
</div>
`;

exports[`TextInput close suggestion drop 3`] = `
"@media only screen and (max-width:699px) {
  .eOSniC {
    margin: 0px;
  }
}

@media only screen and (max-width:699px) {
  .eOSniC {
    padding: 0px;
  }
}

@media only screen and (max-width:699px) {
  .egRmTe {
    margin: 0px;
  }
}

@media only screen and (max-width:699px) {
  .egRmTe {
    padding: 6px;
  }
}

@media only screen and (min-width:700px) {
  .hWIJiJ {
    -webkit-transition: 0.1s ease-in-out;
    transition: 0.1s ease-in-out;
  }
}



.Xwzwy {
  font-size: 18px;
  line-height: 24px;
  color: #444444;
  box-sizing: border-box;
  -webkit-text-size-adjust: 100%;
  -ms-text-size-adjust: 100%;
  -moz-osx-font-smoothing: grayscale;
  -webkit-font-smoothing: antialiased;
  border-radius: 0px;
  box-shadow: 0px 3px 8px rgba(100,100,100,0.50);
  position: fixed;
  z-index: 20;
  outline: none;
  background: #ffffff;
  color: #444444;
  opacity: 0;
  -webkit-transform-origin: top left;
  -ms-transform-origin: top left;
  transform-origin: top left;
  -webkit-animation: jNdvGQ 0.1s forwards;
  animation: jNdvGQ 0.1s forwards;
  -webkit-animation-delay: 0.01s;
  animation-delay: 0.01s;
}

@media screen and (-ms-high-contrast:active),(-ms-high-contrast:none) {
  .Xwzwy {
    display: -webkit-box;
    display: -webkit-flex;
    display: -ms-flexbox;
    display: flex;
    -webkit-align-items: stretch;
    -webkit-box-align: stretch;
    -ms-flex-align: stretch;
    align-items: stretch;
  }
}

@media screen and (-ms-high-contrast:active),(-ms-high-contrast:none) {
  .jcBOSK {
    width: 100%;
  }
}"
`;

exports[`TextInput close suggestion drop 4`] = `
<div
  class="StyledGrommet-sc-19lkkz7-0 cGdwQo"
>
  <div
    class="StyledTextInput__StyledTextInputContainer-sc-1x30a0s-1 yIdXy"
  >
    <input
      autocomplete="off"
      class="StyledTextInput-sc-1x30a0s-0 chXEke"
      data-testid="test-input"
      id="item"
      name="item"
      value=""
    />
  </div>
</div>
`;

exports[`TextInput complex suggestions 1`] = `
.c0 {
  font-size: 18px;
  line-height: 24px;
  color: #444444;
  box-sizing: border-box;
  -webkit-text-size-adjust: 100%;
  -ms-text-size-adjust: 100%;
  -moz-osx-font-smoothing: grayscale;
  -webkit-font-smoothing: antialiased;
}

.c2 {
  box-sizing: border-box;
  font-size: inherit;
  border: none;
  -webkit-appearance: none;
  padding: 11px;
  outline: none;
  background: transparent;
  color: inherit;
  font-weight: 600;
  margin: 0;
  border: 1px solid rgba(0,0,0,0.33);
  border-radius: 4px;
  width: 100%;
}

.c2::-webkit-search-decoration {
  -webkit-appearance: none;
}

.c2::-webkit-input-placeholder {
  color: #AAAAAA;
}

.c2::-moz-placeholder {
  color: #AAAAAA;
}

.c2:-ms-input-placeholder {
  color: #AAAAAA;
}

.c2::-moz-focus-inner {
  border: none;
  outline: none;
}

.c1 {
  position: relative;
  width: 100%;
}

<div
  class="c0"
>
  <div
    class="c1"
  >
    <input
      autocomplete="off"
      class="c2"
      data-testid="test-input"
      id="item"
      name="item"
      value=""
    />
  </div>
</div>
`;

exports[`TextInput complex suggestions 2`] = `
.c2 {
  display: -webkit-box;
  display: -webkit-flex;
  display: -ms-flexbox;
  display: flex;
  box-sizing: border-box;
  outline: none;
  max-width: 100%;
  min-width: 0;
  min-height: 0;
  -webkit-flex-direction: column;
  -ms-flex-direction: column;
  flex-direction: column;
  margin: 0px;
  padding: 0px;
  overflow: auto;
}

.c4 {
  display: inline-block;
  box-sizing: border-box;
  cursor: pointer;
  outline: none;
  font: inherit;
  -webkit-text-decoration: none;
  text-decoration: none;
  margin: 0;
  background: transparent;
  overflow: visible;
  text-transform: none;
  color: inherit;
  border: none;
  padding: 0;
  text-align: inherit;
  width: 100%;
  height: 100%;
  max-width: none;
  -webkit-flex: 1 0 auto;
  -ms-flex: 1 0 auto;
  flex: 1 0 auto;
}

.c4:hover {
  background-color: rgba(221,221,221,0.4);
  color: #444444;
  color: black;
}

.c0 {
  font-size: 18px;
  line-height: 24px;
  color: #444444;
  box-sizing: border-box;
  -webkit-text-size-adjust: 100%;
  -ms-text-size-adjust: 100%;
  -moz-osx-font-smoothing: grayscale;
  -webkit-font-smoothing: antialiased;
  border-radius: 0px;
  box-shadow: 0px 3px 8px rgba(100,100,100,0.50);
  position: fixed;
  z-index: 20;
  outline: none;
  background: #ffffff;
  color: #444444;
  opacity: 0;
  -webkit-transform-origin: top left;
  -ms-transform-origin: top left;
  transform-origin: top left;
  -webkit-animation: jNdvGQ 0.1s forwards;
  animation: jNdvGQ 0.1s forwards;
  -webkit-animation-delay: 0.01s;
  animation-delay: 0.01s;
}

.c3 {
  border-top-left-radius: 0;
  border-top-right-radius: 0;
  margin: 0;
  padding: 0;
  list-style-type: none;
}

.c1 {
  max-height: inherit;
}

@media only screen and (max-width:699px) {
  .c2 {
    margin: 0px;
  }
}

@media only screen and (max-width:699px) {
  .c2 {
    padding: 0px;
  }
}

@media only screen and (min-width:700px) {
  .c4 {
    -webkit-transition: 0.1s ease-in-out;
    transition: 0.1s ease-in-out;
  }
}

@media screen and (-ms-high-contrast:active),(-ms-high-contrast:none) {
  .c0 {
    display: -webkit-box;
    display: -webkit-flex;
    display: -ms-flexbox;
    display: flex;
    -webkit-align-items: stretch;
    -webkit-box-align: stretch;
    -ms-flex-align: stretch;
    align-items: stretch;
  }
}

@media screen and (-ms-high-contrast:active),(-ms-high-contrast:none) {
  .c1 {
    width: 100%;
  }
}

<div
  class="c0"
  id="text-input-drop__item"
  style="left: 0px; width: 0.1px; top: 0px; max-height: 768px;"
  tabindex="-1"
>
  <div
    class="c1 c2"
  >
    <ol
      class="c3"
    >
      <li>
        <button
          class="c4"
          type="button"
        >
          test
        </button>
      </li>
      <li>
        <button
          class="c4"
          type="button"
        >
          test1
        </button>
      </li>
    </ol>
  </div>
</div>
`;

exports[`TextInput complex suggestions 3`] = `
"@media only screen and (max-width:699px) {
  .eOSniC {
    margin: 0px;
  }
}

@media only screen and (max-width:699px) {
  .eOSniC {
    padding: 0px;
  }
}

@media only screen and (max-width:699px) {
  .egRmTe {
    margin: 0px;
  }
}

@media only screen and (max-width:699px) {
  .egRmTe {
    padding: 6px;
  }
}

@media only screen and (min-width:700px) {
  .hWIJiJ {
    -webkit-transition: 0.1s ease-in-out;
    transition: 0.1s ease-in-out;
  }
}



.Xwzwy {
  font-size: 18px;
  line-height: 24px;
  color: #444444;
  box-sizing: border-box;
  -webkit-text-size-adjust: 100%;
  -ms-text-size-adjust: 100%;
  -moz-osx-font-smoothing: grayscale;
  -webkit-font-smoothing: antialiased;
  border-radius: 0px;
  box-shadow: 0px 3px 8px rgba(100,100,100,0.50);
  position: fixed;
  z-index: 20;
  outline: none;
  background: #ffffff;
  color: #444444;
  opacity: 0;
  -webkit-transform-origin: top left;
  -ms-transform-origin: top left;
  transform-origin: top left;
  -webkit-animation: jNdvGQ 0.1s forwards;
  animation: jNdvGQ 0.1s forwards;
  -webkit-animation-delay: 0.01s;
  animation-delay: 0.01s;
}

@media screen and (-ms-high-contrast:active),(-ms-high-contrast:none) {
  .Xwzwy {
    display: -webkit-box;
    display: -webkit-flex;
    display: -ms-flexbox;
    display: flex;
    -webkit-align-items: stretch;
    -webkit-box-align: stretch;
    -ms-flex-align: stretch;
    align-items: stretch;
  }
}

@media screen and (-ms-high-contrast:active),(-ms-high-contrast:none) {
  .jcBOSK {
    width: 100%;
  }
}"
`;

exports[`TextInput handles next and previous without suggestion 1`] = `
.c0 {
  font-size: 18px;
  line-height: 24px;
  color: #444444;
  box-sizing: border-box;
  -webkit-text-size-adjust: 100%;
  -ms-text-size-adjust: 100%;
  -moz-osx-font-smoothing: grayscale;
  -webkit-font-smoothing: antialiased;
}

.c2 {
  box-sizing: border-box;
  font-size: inherit;
  border: none;
  -webkit-appearance: none;
  padding: 11px;
  outline: none;
  background: transparent;
  color: inherit;
  font-weight: 600;
  margin: 0;
  border: 1px solid rgba(0,0,0,0.33);
  border-radius: 4px;
  width: 100%;
}

.c2::-webkit-search-decoration {
  -webkit-appearance: none;
}

.c2::-webkit-input-placeholder {
  color: #AAAAAA;
}

.c2::-moz-placeholder {
  color: #AAAAAA;
}

.c2:-ms-input-placeholder {
  color: #AAAAAA;
}

.c2::-moz-focus-inner {
  border: none;
  outline: none;
}

.c1 {
  position: relative;
  width: 100%;
}

<div
  class="c0"
>
  <div
    class="c1"
  >
    <input
      autocomplete="off"
      class="c2"
      data-testid="test-input"
      id="item"
      name="item"
      value=""
    />
  </div>
</div>
`;

exports[`TextInput handles next and previous without suggestion 2`] = `
<div
  class="StyledGrommet-sc-19lkkz7-0 cGdwQo"
>
  <div
    class="StyledTextInput__StyledTextInputContainer-sc-1x30a0s-1 yIdXy"
  >
    <input
      autocomplete="off"
      class="StyledTextInput-sc-1x30a0s-0 chXEke"
      data-testid="test-input"
      id="item"
      name="item"
      value=""
    />
  </div>
</div>
`;

exports[`TextInput select a suggestion 1`] = `
.c0 {
  font-size: 18px;
  line-height: 24px;
  color: #444444;
  box-sizing: border-box;
  -webkit-text-size-adjust: 100%;
  -ms-text-size-adjust: 100%;
  -moz-osx-font-smoothing: grayscale;
  -webkit-font-smoothing: antialiased;
}

.c2 {
  box-sizing: border-box;
  font-size: inherit;
  border: none;
  -webkit-appearance: none;
  padding: 11px;
  outline: none;
  background: transparent;
  color: inherit;
  font-weight: 600;
  margin: 0;
  border: 1px solid rgba(0,0,0,0.33);
  border-radius: 4px;
  width: 100%;
}

.c2::-webkit-search-decoration {
  -webkit-appearance: none;
}

.c2::-webkit-input-placeholder {
  color: #AAAAAA;
}

.c2::-moz-placeholder {
  color: #AAAAAA;
}

.c2:-ms-input-placeholder {
  color: #AAAAAA;
}

.c2::-moz-focus-inner {
  border: none;
  outline: none;
}

.c1 {
  position: relative;
  width: 100%;
}

<div
  class="c0"
>
  <div
    class="c1"
  >
    <input
      autocomplete="off"
      class="c2"
      data-testid="test-input"
      id="item"
      name="item"
      value=""
    />
  </div>
</div>
`;

exports[`TextInput select suggestion 1`] = `
.c0 {
  font-size: 18px;
  line-height: 24px;
  color: #444444;
  box-sizing: border-box;
  -webkit-text-size-adjust: 100%;
  -ms-text-size-adjust: 100%;
  -moz-osx-font-smoothing: grayscale;
  -webkit-font-smoothing: antialiased;
}

.c2 {
  box-sizing: border-box;
  font-size: inherit;
  border: none;
  -webkit-appearance: none;
  padding: 11px;
  outline: none;
  background: transparent;
  color: inherit;
  font-weight: 600;
  margin: 0;
  border: 1px solid rgba(0,0,0,0.33);
  border-radius: 4px;
  width: 100%;
  font-size: 22px;
  line-height: 28px;
  border: none;
}

.c2::-webkit-search-decoration {
  -webkit-appearance: none;
}

.c2::-webkit-input-placeholder {
  color: #AAAAAA;
}

.c2::-moz-placeholder {
  color: #AAAAAA;
}

.c2:-ms-input-placeholder {
  color: #AAAAAA;
}

.c2::-moz-focus-inner {
  border: none;
  outline: none;
}

.c1 {
  position: relative;
  width: 100%;
}

<div
  class="c0"
>
  <div
    class="c1"
  >
    <input
      autocomplete="off"
      class="c2"
      data-testid="test-input"
      id="item"
      name="item"
      value=""
    />
  </div>
</div>
`;

exports[`TextInput select suggestion 2`] = `
.c2 {
  display: -webkit-box;
  display: -webkit-flex;
  display: -ms-flexbox;
  display: flex;
  box-sizing: border-box;
  outline: none;
  max-width: 100%;
  min-width: 0;
  min-height: 0;
  -webkit-flex-direction: column;
  -ms-flex-direction: column;
  flex-direction: column;
  margin: 0px;
  padding: 0px;
  overflow: auto;
}

.c5 {
  display: -webkit-box;
  display: -webkit-flex;
  display: -ms-flexbox;
  display: flex;
  box-sizing: border-box;
  outline: none;
  max-width: 100%;
  -webkit-align-items: flex-start;
  -webkit-box-align: flex-start;
  -ms-flex-align: flex-start;
  align-items: flex-start;
  min-width: 0;
  min-height: 0;
  -webkit-flex-direction: column;
  -ms-flex-direction: column;
  flex-direction: column;
  margin: 0px;
  padding: 12px;
}

.c4 {
  display: inline-block;
  box-sizing: border-box;
  cursor: pointer;
  outline: none;
  font: inherit;
  -webkit-text-decoration: none;
  text-decoration: none;
  margin: 0;
  background: transparent;
  overflow: visible;
  text-transform: none;
  color: inherit;
  border: none;
  padding: 0;
  text-align: inherit;
  width: 100%;
  height: 100%;
  max-width: none;
  -webkit-flex: 1 0 auto;
  -ms-flex: 1 0 auto;
  flex: 1 0 auto;
}

.c4:hover {
  background-color: rgba(221,221,221,0.4);
  color: #444444;
  color: black;
}

.c0 {
  font-size: 18px;
  line-height: 24px;
  color: #444444;
  box-sizing: border-box;
  -webkit-text-size-adjust: 100%;
  -ms-text-size-adjust: 100%;
  -moz-osx-font-smoothing: grayscale;
  -webkit-font-smoothing: antialiased;
  border-radius: 0px;
  box-shadow: 0px 3px 8px rgba(100,100,100,0.50);
  position: fixed;
  z-index: 20;
  outline: none;
  background: #ffffff;
  color: #444444;
  opacity: 0;
  -webkit-transform-origin: top left;
  -ms-transform-origin: top left;
  transform-origin: top left;
  -webkit-animation: jNdvGQ 0.1s forwards;
  animation: jNdvGQ 0.1s forwards;
  -webkit-animation-delay: 0.01s;
  animation-delay: 0.01s;
}

.c3 {
  border-top-left-radius: 0;
  border-top-right-radius: 0;
  margin: 0;
  padding: 0;
  list-style-type: none;
}

.c1 {
  max-height: inherit;
}

@media only screen and (max-width:699px) {
  .c2 {
    margin: 0px;
  }
}

@media only screen and (max-width:699px) {
  .c2 {
    padding: 0px;
  }
}

@media only screen and (max-width:699px) {
  .c5 {
    margin: 0px;
  }
}

@media only screen and (max-width:699px) {
  .c5 {
    padding: 6px;
  }
}

@media only screen and (min-width:700px) {
  .c4 {
    -webkit-transition: 0.1s ease-in-out;
    transition: 0.1s ease-in-out;
  }
}

@media screen and (-ms-high-contrast:active),(-ms-high-contrast:none) {
  .c0 {
    display: -webkit-box;
    display: -webkit-flex;
    display: -ms-flexbox;
    display: flex;
    -webkit-align-items: stretch;
    -webkit-box-align: stretch;
    -ms-flex-align: stretch;
    align-items: stretch;
  }
}

@media screen and (-ms-high-contrast:active),(-ms-high-contrast:none) {
  .c1 {
    width: 100%;
  }
}

<div
  class="c0"
  id="text-input-drop__item"
  style="left: 0px; width: 0.1px; top: 0px; max-height: 768px;"
  tabindex="-1"
>
  <div
    class="c1 c2"
  >
    <ol
      class="c3"
    >
      <li>
        <button
          class="c4"
          type="button"
        >
          <div
            class="c5"
          >
            test
          </div>
        </button>
      </li>
      <li>
        <button
          class="c4"
          type="button"
        >
          <div
            class="c5"
          >
            test1
          </div>
        </button>
      </li>
    </ol>
  </div>
</div>
`;

exports[`TextInput select suggestion 3`] = `
"@media only screen and (max-width:699px) {
  .eOSniC {
    margin: 0px;
  }
}

@media only screen and (max-width:699px) {
  .eOSniC {
    padding: 0px;
  }
}

@media only screen and (max-width:699px) {
  .egRmTe {
    margin: 0px;
  }
}

@media only screen and (max-width:699px) {
  .egRmTe {
    padding: 6px;
  }
}

@media only screen and (min-width:700px) {
  .hWIJiJ {
    -webkit-transition: 0.1s ease-in-out;
    transition: 0.1s ease-in-out;
  }
}



.Xwzwy {
  font-size: 18px;
  line-height: 24px;
  color: #444444;
  box-sizing: border-box;
  -webkit-text-size-adjust: 100%;
  -ms-text-size-adjust: 100%;
  -moz-osx-font-smoothing: grayscale;
  -webkit-font-smoothing: antialiased;
  border-radius: 0px;
  box-shadow: 0px 3px 8px rgba(100,100,100,0.50);
  position: fixed;
  z-index: 20;
  outline: none;
  background: #ffffff;
  color: #444444;
  opacity: 0;
  -webkit-transform-origin: top left;
  -ms-transform-origin: top left;
  transform-origin: top left;
  -webkit-animation: jNdvGQ 0.1s forwards;
  animation: jNdvGQ 0.1s forwards;
  -webkit-animation-delay: 0.01s;
  animation-delay: 0.01s;
}

@media screen and (-ms-high-contrast:active),(-ms-high-contrast:none) {
  .Xwzwy {
    display: -webkit-box;
    display: -webkit-flex;
    display: -ms-flexbox;
    display: flex;
    -webkit-align-items: stretch;
    -webkit-box-align: stretch;
    -ms-flex-align: stretch;
    align-items: stretch;
  }
}

@media screen and (-ms-high-contrast:active),(-ms-high-contrast:none) {
  .jcBOSK {
    width: 100%;
  }
}"
`;

exports[`TextInput select suggestion 4`] = `
<div
  class="StyledGrommet-sc-19lkkz7-0 cGdwQo"
>
  <div
    class="StyledTextInput__StyledTextInputContainer-sc-1x30a0s-1 yIdXy"
  >
    <input
      autocomplete="off"
      class="StyledTextInput-sc-1x30a0s-0 krAKud"
      data-testid="test-input"
      id="item"
      name="item"
      value=""
    />
  </div>
</div>
`;

exports[`TextInput suggestions 1`] = `
.c1 {
  box-sizing: border-box;
  font-size: inherit;
  border: none;
  -webkit-appearance: none;
  padding: 11px;
  outline: none;
  background: transparent;
  color: inherit;
  font-weight: 600;
  margin: 0;
  border: 1px solid rgba(0,0,0,0.33);
  border-radius: 4px;
  width: 100%;
}

.c1::-webkit-search-decoration {
  -webkit-appearance: none;
}

.c1::-webkit-input-placeholder {
  color: #AAAAAA;
}

.c1::-moz-placeholder {
  color: #AAAAAA;
}

.c1:-ms-input-placeholder {
  color: #AAAAAA;
}

.c1::-moz-focus-inner {
  border: none;
  outline: none;
}

.c0 {
  position: relative;
  width: 100%;
}

<div
  class="c0"
>
  <input
    autocomplete="off"
    class="c1"
    data-testid="test-input"
    id="item"
    name="item"
    value=""
  />
</div>
`;

exports[`TextInput suggestions 2`] = `
.c2 {
  display: -webkit-box;
  display: -webkit-flex;
  display: -ms-flexbox;
  display: flex;
  box-sizing: border-box;
  outline: none;
  max-width: 100%;
  min-width: 0;
  min-height: 0;
  -webkit-flex-direction: column;
  -ms-flex-direction: column;
  flex-direction: column;
  margin: 0px;
  padding: 0px;
  overflow: auto;
}

.c5 {
  display: -webkit-box;
  display: -webkit-flex;
  display: -ms-flexbox;
  display: flex;
  box-sizing: border-box;
  outline: none;
  max-width: 100%;
  -webkit-align-items: flex-start;
  -webkit-box-align: flex-start;
  -ms-flex-align: flex-start;
  align-items: flex-start;
  min-width: 0;
  min-height: 0;
  -webkit-flex-direction: column;
  -ms-flex-direction: column;
  flex-direction: column;
  margin: 0px;
  padding: 12px;
}

.c4 {
  display: inline-block;
  box-sizing: border-box;
  cursor: pointer;
  outline: none;
  font: inherit;
  -webkit-text-decoration: none;
  text-decoration: none;
  margin: 0;
  background: transparent;
  overflow: visible;
  text-transform: none;
  color: inherit;
  border: none;
  padding: 0;
  text-align: inherit;
  width: 100%;
  height: 100%;
  max-width: none;
  -webkit-flex: 1 0 auto;
  -ms-flex: 1 0 auto;
  flex: 1 0 auto;
}

.c4:hover {
  background-color: rgba(221,221,221,0.4);
  color: #444444;
  color: black;
}

.c0 {
  font-size: 18px;
  line-height: 24px;
  color: #444444;
  box-sizing: border-box;
  -webkit-text-size-adjust: 100%;
  -ms-text-size-adjust: 100%;
  -moz-osx-font-smoothing: grayscale;
  -webkit-font-smoothing: antialiased;
  border-radius: 0px;
  box-shadow: 0px 3px 8px rgba(100,100,100,0.50);
  position: fixed;
  z-index: 20;
  outline: none;
  background: #ffffff;
  color: #444444;
  opacity: 0;
  -webkit-transform-origin: top left;
  -ms-transform-origin: top left;
  transform-origin: top left;
  -webkit-animation: jNdvGQ 0.1s forwards;
  animation: jNdvGQ 0.1s forwards;
  -webkit-animation-delay: 0.01s;
  animation-delay: 0.01s;
}

.c3 {
  border-top-left-radius: 0;
  border-top-right-radius: 0;
  margin: 0;
  padding: 0;
  list-style-type: none;
}

.c1 {
  max-height: inherit;
}

@media only screen and (max-width:699px) {
  .c2 {
    margin: 0px;
  }
}

@media only screen and (max-width:699px) {
  .c2 {
    padding: 0px;
  }
}

@media only screen and (max-width:699px) {
  .c5 {
    margin: 0px;
  }
}

@media only screen and (max-width:699px) {
  .c5 {
    padding: 6px;
  }
}

@media only screen and (min-width:700px) {
  .c4 {
    -webkit-transition: 0.1s ease-in-out;
    transition: 0.1s ease-in-out;
  }
}

@media screen and (-ms-high-contrast:active),(-ms-high-contrast:none) {
  .c0 {
    display: -webkit-box;
    display: -webkit-flex;
    display: -ms-flexbox;
    display: flex;
    -webkit-align-items: stretch;
    -webkit-box-align: stretch;
    -ms-flex-align: stretch;
    align-items: stretch;
  }
}

@media screen and (-ms-high-contrast:active),(-ms-high-contrast:none) {
  .c1 {
    width: 100%;
  }
}

<div
  class="c0"
  id="text-input-drop__item"
  style="left: 0px; width: 0.1px; top: 0px; max-height: 768px;"
  tabindex="-1"
>
  <div
    class="c1 c2"
  >
    <ol
      class="c3"
    >
      <li>
        <button
          class="c4"
          type="button"
        >
          <div
            class="c5"
          >
            test
          </div>
        </button>
      </li>
      <li>
        <button
          class="c4"
          type="button"
        >
          <div
            class="c5"
          >
            test1
          </div>
        </button>
      </li>
    </ol>
  </div>
</div>
`;

exports[`TextInput suggestions 3`] = `
"@media only screen and (max-width:699px) {
  .eOSniC {
    margin: 0px;
  }
}

@media only screen and (max-width:699px) {
  .eOSniC {
    padding: 0px;
  }
}

@media only screen and (max-width:699px) {
  .egRmTe {
    margin: 0px;
  }
}

@media only screen and (max-width:699px) {
  .egRmTe {
    padding: 6px;
  }
}

@media only screen and (min-width:700px) {
  .hWIJiJ {
    -webkit-transition: 0.1s ease-in-out;
    transition: 0.1s ease-in-out;
  }
}



.Xwzwy {
  font-size: 18px;
  line-height: 24px;
  color: #444444;
  box-sizing: border-box;
  -webkit-text-size-adjust: 100%;
  -ms-text-size-adjust: 100%;
  -moz-osx-font-smoothing: grayscale;
  -webkit-font-smoothing: antialiased;
  border-radius: 0px;
  box-shadow: 0px 3px 8px rgba(100,100,100,0.50);
  position: fixed;
  z-index: 20;
  outline: none;
  background: #ffffff;
  color: #444444;
  opacity: 0;
  -webkit-transform-origin: top left;
  -ms-transform-origin: top left;
  transform-origin: top left;
  -webkit-animation: jNdvGQ 0.1s forwards;
  animation: jNdvGQ 0.1s forwards;
  -webkit-animation-delay: 0.01s;
  animation-delay: 0.01s;
}

@media screen and (-ms-high-contrast:active),(-ms-high-contrast:none) {
  .Xwzwy {
    display: -webkit-box;
    display: -webkit-flex;
    display: -ms-flexbox;
    display: flex;
    -webkit-align-items: stretch;
    -webkit-box-align: stretch;
    -ms-flex-align: stretch;
    align-items: stretch;
  }
}

@media screen and (-ms-high-contrast:active),(-ms-high-contrast:none) {
  .jcBOSK {
    width: 100%;
  }
}"
`;
