// Jest Snapshot v1, https://goo.gl/fbAQLP

exports[`Button color renders 1`] = `
.c2 {
  display: -webkit-box;
  display: -webkit-flex;
  display: -ms-flexbox;
  display: flex;
  box-sizing: border-box;
  outline: none;
  max-width: 100%;
  -webkit-align-items: center;
  -webkit-box-align: center;
  -ms-flex-align: center;
  align-items: center;
  min-width: 0;
  min-height: 0;
  -webkit-flex-direction: row;
  -ms-flex-direction: row;
  flex-direction: row;
  -webkit-box-pack: center;
  -webkit-justify-content: center;
  -ms-flex-pack: center;
  justify-content: center;
  margin: 0px;
  padding: 0px;
}

.c1 {
  display: inline-block;
  box-sizing: border-box;
  cursor: pointer;
  outline: none;
  font: inherit;
  -webkit-text-decoration: none;
  text-decoration: none;
  margin: 0;
  background: transparent;
  overflow: visible;
  text-transform: none;
  border: 2px solid #FD6FFF;
  border-radius: 18px;
  color: #444444;
  padding: 4px 22px;
  font-size: 18px;
  line-height: 24px;
}

.c1:hover {
  box-shadow: 0px 0px 0px 2px #FD6FFF;
}

.c3 {
  display: inline-block;
  box-sizing: border-box;
  cursor: pointer;
  outline: none;
  font: inherit;
  -webkit-text-decoration: none;
  text-decoration: none;
  margin: 0;
  background: transparent;
  overflow: visible;
  text-transform: none;
  border: 2px solid #FD6FFF;
  border-radius: 18px;
  color: #444444;
  padding: 4px 22px;
  font-size: 18px;
  line-height: 24px;
  background: #FD6FFF;
  color: #444444;
  border-radius: 18px;
}

.c3:hover {
  box-shadow: 0px 0px 0px 2px #FD6FFF;
}

.c0 {
  font-size: 18px;
  line-height: 24px;
  color: #444444;
  box-sizing: border-box;
  -webkit-text-size-adjust: 100%;
  -ms-text-size-adjust: 100%;
  -moz-osx-font-smoothing: grayscale;
  -webkit-font-smoothing: antialiased;
}

@media only screen and (max-width:699px) {
  .c2 {
    margin: 0px;
  }
}

@media only screen and (max-width:699px) {
  .c2 {
    padding: 0px;
  }
}

@media only screen and (min-width:700px) {
  .c1 {
    -webkit-transition: 0.1s ease-in-out;
    transition: 0.1s ease-in-out;
  }
}

@media only screen and (min-width:700px) {
  .c3 {
    -webkit-transition: 0.1s ease-in-out;
    transition: 0.1s ease-in-out;
  }
}

<div
  className="c0"
>
  <button
    className="c1"
    onBlur={[Function]}
    onClick={[Function]}
    onFocus={[Function]}
    type="button"
  >
    <div
      className="c2"
    >
      Test
    </div>
  </button>
  <button
    className="c3"
    onBlur={[Function]}
    onClick={[Function]}
    onFocus={[Function]}
    type="button"
  >
    <div
      className="c2"
    >
      Test
    </div>
  </button>
</div>
`;

exports[`Button disabled renders 1`] = `
.c1 {
  display: inline-block;
  box-sizing: border-box;
  cursor: pointer;
  outline: none;
  font: inherit;
  -webkit-text-decoration: none;
  text-decoration: none;
  margin: 0;
  background: transparent;
  overflow: visible;
  text-transform: none;
  border: 2px solid #7D4CDB;
  border-radius: 18px;
  color: #444444;
  padding: 4px 22px;
  font-size: 18px;
  line-height: 24px;
  opacity: 0.3;
  cursor: default;
}

.c0 {
  font-size: 18px;
  line-height: 24px;
  color: #444444;
  box-sizing: border-box;
  -webkit-text-size-adjust: 100%;
  -ms-text-size-adjust: 100%;
  -moz-osx-font-smoothing: grayscale;
  -webkit-font-smoothing: antialiased;
}

@media only screen and (min-width:700px) {
  .c1 {
    -webkit-transition: 0.1s ease-in-out;
    transition: 0.1s ease-in-out;
  }
}

<div
  className="c0"
>
  <button
    className="c1"
    disabled={true}
    onBlur={[Function]}
    onFocus={[Function]}
    type="button"
  />
</div>
`;

exports[`Button focus renders 1`] = `
.c2 {
  display: -webkit-box;
  display: -webkit-flex;
  display: -ms-flexbox;
  display: flex;
  box-sizing: border-box;
  outline: none;
  max-width: 100%;
  -webkit-align-items: center;
  -webkit-box-align: center;
  -ms-flex-align: center;
  align-items: center;
  min-width: 0;
  min-height: 0;
  -webkit-flex-direction: row;
  -ms-flex-direction: row;
  flex-direction: row;
  -webkit-box-pack: center;
  -webkit-justify-content: center;
  -ms-flex-pack: center;
  justify-content: center;
  margin: 0px;
  padding: 0px;
}

.c1 {
  display: inline-block;
  box-sizing: border-box;
  cursor: pointer;
  outline: none;
  font: inherit;
  -webkit-text-decoration: none;
  text-decoration: none;
  margin: 0;
  background: transparent;
  overflow: visible;
  text-transform: none;
  border: 2px solid #7D4CDB;
  border-radius: 18px;
  color: #444444;
  padding: 4px 22px;
  font-size: 18px;
  line-height: 24px;
  border-color: #FD6FFF;
  box-shadow: 0 0 2px 2px #FD6FFF;
}

.c1 > circle,
.c1 > ellipse,
.c1 > line,
.c1 > path,
.c1 > polygon,
.c1 > polyline,
.c1 > rect {
  outline: #FD6FFF solid 2px;
}

.c0 {
  font-size: 18px;
  line-height: 24px;
  color: #444444;
  box-sizing: border-box;
  -webkit-text-size-adjust: 100%;
  -ms-text-size-adjust: 100%;
  -moz-osx-font-smoothing: grayscale;
  -webkit-font-smoothing: antialiased;
}

@media only screen and (max-width:699px) {
  .c2 {
    margin: 0px;
  }
}

@media only screen and (max-width:699px) {
  .c2 {
    padding: 0px;
  }
}

@media only screen and (min-width:700px) {
  .c1 {
    -webkit-transition: 0.1s ease-in-out;
    transition: 0.1s ease-in-out;
  }
}

<div
  className="c0"
>
  <button
    className="c1"
    onBlur={[Function]}
    onClick={[Function]}
    onFocus={[Function]}
    type="button"
  >
    <div
      className="c2"
    >
      Test
    </div>
  </button>
</div>
`;

exports[`Button hoverIndicator as object renders 1`] = `
.c1 {
  display: inline-block;
  box-sizing: border-box;
  cursor: pointer;
  outline: none;
  font: inherit;
  -webkit-text-decoration: none;
  text-decoration: none;
  margin: 0;
  background: transparent;
  overflow: visible;
  text-transform: none;
  color: inherit;
  border: none;
  padding: 0;
  text-align: inherit;
}

.c1:hover {
  color: black;
}

.c0 {
  font-size: 18px;
  line-height: 24px;
  color: #444444;
  box-sizing: border-box;
  -webkit-text-size-adjust: 100%;
  -ms-text-size-adjust: 100%;
  -moz-osx-font-smoothing: grayscale;
  -webkit-font-smoothing: antialiased;
}

@media only screen and (min-width:700px) {
  .c1 {
    -webkit-transition: 0.1s ease-in-out;
    transition: 0.1s ease-in-out;
  }
}

<div
  className="c0"
>
  <button
    className="c1"
    onBlur={[Function]}
    onClick={[Function]}
    onFocus={[Function]}
    type="button"
  >
    hoverIndicator
  </button>
</div>
`;

exports[`Button hoverIndicator as object with color renders 1`] = `
.c1 {
  display: inline-block;
  box-sizing: border-box;
  cursor: pointer;
  outline: none;
  font: inherit;
  -webkit-text-decoration: none;
  text-decoration: none;
  margin: 0;
  background: transparent;
  overflow: visible;
  text-transform: none;
  color: inherit;
  border: none;
  padding: 0;
  text-align: inherit;
}

.c1:hover {
  color: black;
}

.c0 {
  font-size: 18px;
  line-height: 24px;
  color: #444444;
  box-sizing: border-box;
  -webkit-text-size-adjust: 100%;
  -ms-text-size-adjust: 100%;
  -moz-osx-font-smoothing: grayscale;
  -webkit-font-smoothing: antialiased;
}

@media only screen and (min-width:700px) {
  .c1 {
    -webkit-transition: 0.1s ease-in-out;
    transition: 0.1s ease-in-out;
  }
}

<div
  className="c0"
>
  <button
    className="c1"
    onBlur={[Function]}
    onClick={[Function]}
    onFocus={[Function]}
    type="button"
  >
    hoverIndicator
  </button>
</div>
`;

exports[`Button hoverIndicator as object with colorIndex renders 1`] = `
.c1 {
  display: inline-block;
  box-sizing: border-box;
  cursor: pointer;
  outline: none;
  font: inherit;
  -webkit-text-decoration: none;
  text-decoration: none;
  margin: 0;
  background: transparent;
  overflow: visible;
  text-transform: none;
  color: inherit;
  border: none;
  padding: 0;
  text-align: inherit;
}

.c1:hover {
  color: black;
}

.c0 {
  font-size: 18px;
  line-height: 24px;
  color: #444444;
  box-sizing: border-box;
  -webkit-text-size-adjust: 100%;
  -ms-text-size-adjust: 100%;
  -moz-osx-font-smoothing: grayscale;
  -webkit-font-smoothing: antialiased;
}

@media only screen and (min-width:700px) {
  .c1 {
    -webkit-transition: 0.1s ease-in-out;
    transition: 0.1s ease-in-out;
  }
}

<div
  className="c0"
>
  <button
    className="c1"
    onBlur={[Function]}
    onClick={[Function]}
    onFocus={[Function]}
    type="button"
  >
    hoverIndicator
  </button>
</div>
`;

exports[`Button hoverIndicator as object with invalid color renders 1`] = `
.c1 {
  display: inline-block;
  box-sizing: border-box;
  cursor: pointer;
  outline: none;
  font: inherit;
  -webkit-text-decoration: none;
  text-decoration: none;
  margin: 0;
  background: transparent;
  overflow: visible;
  text-transform: none;
  color: inherit;
  border: none;
  padding: 0;
  text-align: inherit;
}

.c1:hover {
  color: black;
}

.c0 {
  font-size: 18px;
  line-height: 24px;
  color: #444444;
  box-sizing: border-box;
  -webkit-text-size-adjust: 100%;
  -ms-text-size-adjust: 100%;
  -moz-osx-font-smoothing: grayscale;
  -webkit-font-smoothing: antialiased;
}

@media only screen and (min-width:700px) {
  .c1 {
    -webkit-transition: 0.1s ease-in-out;
    transition: 0.1s ease-in-out;
  }
}

<div
  className="c0"
>
  <button
    className="c1"
    onBlur={[Function]}
    onClick={[Function]}
    onFocus={[Function]}
    type="button"
  >
    hoverIndicator
  </button>
</div>
`;

exports[`Button hoverIndicator as object with invalid color renders 2`] = `
.c1 {
  display: inline-block;
  box-sizing: border-box;
  cursor: pointer;
  outline: none;
  font: inherit;
  -webkit-text-decoration: none;
  text-decoration: none;
  margin: 0;
  background: transparent;
  overflow: visible;
  text-transform: none;
  color: inherit;
  border: none;
  padding: 0;
  text-align: inherit;
}

.c1:hover {
  color: black;
}

.c0 {
  font-size: 18px;
  line-height: 24px;
  color: #444444;
  box-sizing: border-box;
  -webkit-text-size-adjust: 100%;
  -ms-text-size-adjust: 100%;
  -moz-osx-font-smoothing: grayscale;
  -webkit-font-smoothing: antialiased;
}

@media only screen and (min-width:700px) {
  .c1 {
    -webkit-transition: 0.1s ease-in-out;
    transition: 0.1s ease-in-out;
  }
}

<div
  className="c0"
>
  <button
    className="c1"
    onBlur={[Function]}
    onClick={[Function]}
    onFocus={[Function]}
    type="button"
  >
    hoverIndicator
  </button>
</div>
`;

exports[`Button hoverIndicator as object with invalid colorIndex renders 1`] = `
.c1 {
  display: inline-block;
  box-sizing: border-box;
  cursor: pointer;
  outline: none;
  font: inherit;
  -webkit-text-decoration: none;
  text-decoration: none;
  margin: 0;
  background: transparent;
  overflow: visible;
  text-transform: none;
  color: inherit;
  border: none;
  padding: 0;
  text-align: inherit;
}

.c1:hover {
  color: black;
}

.c0 {
  font-size: 18px;
  line-height: 24px;
  color: #444444;
  box-sizing: border-box;
  -webkit-text-size-adjust: 100%;
  -ms-text-size-adjust: 100%;
  -moz-osx-font-smoothing: grayscale;
  -webkit-font-smoothing: antialiased;
}

@media only screen and (min-width:700px) {
  .c1 {
    -webkit-transition: 0.1s ease-in-out;
    transition: 0.1s ease-in-out;
  }
}

<div
  className="c0"
>
  <button
    className="c1"
    onBlur={[Function]}
    onClick={[Function]}
    onFocus={[Function]}
    type="button"
  >
    hoverIndicator
  </button>
</div>
`;

exports[`Button hoverIndicator renders 1`] = `
.c1 {
  display: inline-block;
  box-sizing: border-box;
  cursor: pointer;
  outline: none;
  font: inherit;
  -webkit-text-decoration: none;
  text-decoration: none;
  margin: 0;
  background: transparent;
  overflow: visible;
  text-transform: none;
  color: inherit;
  border: none;
  padding: 0;
  text-align: inherit;
}

.c1:hover {
  background-color: rgba(221,221,221,0.4);
  color: #444444;
  color: black;
}

.c0 {
  font-size: 18px;
  line-height: 24px;
  color: #444444;
  box-sizing: border-box;
  -webkit-text-size-adjust: 100%;
  -ms-text-size-adjust: 100%;
  -moz-osx-font-smoothing: grayscale;
  -webkit-font-smoothing: antialiased;
}

@media only screen and (min-width:700px) {
  .c1 {
    -webkit-transition: 0.1s ease-in-out;
    transition: 0.1s ease-in-out;
  }
}

<div
  className="c0"
>
  <button
    className="c1"
    onBlur={[Function]}
    onClick={[Function]}
    onFocus={[Function]}
    type="button"
  >
    hoverIndicator
  </button>
</div>
`;

exports[`Button href renders 1`] = `
.c1 {
  display: inline-block;
  box-sizing: border-box;
  cursor: pointer;
  outline: none;
  font: inherit;
  -webkit-text-decoration: none;
  text-decoration: none;
  margin: 0;
  background: transparent;
  overflow: visible;
  text-transform: none;
  border: 2px solid #7D4CDB;
  border-radius: 18px;
  color: #444444;
  padding: 4px 22px;
  font-size: 18px;
  line-height: 24px;
}

.c1:hover {
  box-shadow: 0px 0px 0px 2px #7D4CDB;
}

.c0 {
  font-size: 18px;
  line-height: 24px;
  color: #444444;
  box-sizing: border-box;
  -webkit-text-size-adjust: 100%;
  -ms-text-size-adjust: 100%;
  -moz-osx-font-smoothing: grayscale;
  -webkit-font-smoothing: antialiased;
}

@media only screen and (min-width:700px) {
  .c1 {
    -webkit-transition: 0.1s ease-in-out;
    transition: 0.1s ease-in-out;
  }
}

<div
  className="c0"
>
  <a
    className="c1"
    href="test"
    onBlur={[Function]}
    onFocus={[Function]}
  />
</div>
`;

exports[`Button icon label renders 1`] = `
.c2 {
  display: -webkit-box;
  display: -webkit-flex;
  display: -ms-flexbox;
  display: flex;
  box-sizing: border-box;
  outline: none;
  max-width: 100%;
  -webkit-align-items: center;
  -webkit-box-align: center;
  -ms-flex-align: center;
  align-items: center;
  min-width: 0;
  min-height: 0;
  -webkit-flex-direction: row;
  -ms-flex-direction: row;
  flex-direction: row;
  -webkit-box-pack: center;
  -webkit-justify-content: center;
  -ms-flex-pack: center;
  justify-content: center;
  margin: 0px;
  padding: 0px;
}

.c3 {
  -webkit-flex: 0 0 auto;
  -ms-flex: 0 0 auto;
  flex: 0 0 auto;
  width: 12px;
}

.c1 {
  display: inline-block;
  box-sizing: border-box;
  cursor: pointer;
  outline: none;
  font: inherit;
  -webkit-text-decoration: none;
  text-decoration: none;
  margin: 0;
  background: transparent;
  overflow: visible;
  text-transform: none;
  border: 2px solid #7D4CDB;
  border-radius: 18px;
  color: #444444;
  padding: 4px 22px;
  font-size: 18px;
  line-height: 24px;
}

.c1:hover {
  box-shadow: 0px 0px 0px 2px #7D4CDB;
}

.c0 {
  font-size: 18px;
  line-height: 24px;
  color: #444444;
  box-sizing: border-box;
  -webkit-text-size-adjust: 100%;
  -ms-text-size-adjust: 100%;
  -moz-osx-font-smoothing: grayscale;
  -webkit-font-smoothing: antialiased;
}

@media only screen and (max-width:699px) {
  .c2 {
    margin: 0px;
  }
}

@media only screen and (max-width:699px) {
  .c2 {
    padding: 0px;
  }
}

@media only screen and (min-width:700px) {
  .c1 {
    -webkit-transition: 0.1s ease-in-out;
    transition: 0.1s ease-in-out;
  }
}

<div
  className="c0"
>
  <button
    className="c1"
    onBlur={[Function]}
    onClick={[Function]}
    onFocus={[Function]}
    type="button"
  >
    <div
      className="c2"
    >
      <svg />
      <div
        className="c3"
      />
      Test
    </div>
  </button>
</div>
`;

exports[`Button primary renders 1`] = `
.c2 {
  display: -webkit-box;
  display: -webkit-flex;
  display: -ms-flexbox;
  display: flex;
  box-sizing: border-box;
  outline: none;
  max-width: 100%;
  -webkit-align-items: center;
  -webkit-box-align: center;
  -ms-flex-align: center;
  align-items: center;
  min-width: 0;
  min-height: 0;
  -webkit-flex-direction: row;
  -ms-flex-direction: row;
  flex-direction: row;
  -webkit-box-pack: center;
  -webkit-justify-content: center;
  -ms-flex-pack: center;
  justify-content: center;
  margin: 0px;
  padding: 0px;
}

.c1 {
  display: inline-block;
  box-sizing: border-box;
  cursor: pointer;
  outline: none;
  font: inherit;
  -webkit-text-decoration: none;
  text-decoration: none;
  margin: 0;
  background: transparent;
  overflow: visible;
  text-transform: none;
  border: 2px solid #7D4CDB;
  border-radius: 18px;
  color: #444444;
  padding: 4px 22px;
  font-size: 18px;
  line-height: 24px;
  background: #7D4CDB;
  color: #f8f8f8;
  border-radius: 18px;
}

.c1:hover {
  box-shadow: 0px 0px 0px 2px #7D4CDB;
}

.c0 {
  font-size: 18px;
  line-height: 24px;
  color: #444444;
  box-sizing: border-box;
  -webkit-text-size-adjust: 100%;
  -ms-text-size-adjust: 100%;
  -moz-osx-font-smoothing: grayscale;
  -webkit-font-smoothing: antialiased;
}

@media only screen and (max-width:699px) {
  .c2 {
    margin: 0px;
  }
}

@media only screen and (max-width:699px) {
  .c2 {
    padding: 0px;
  }
}

@media only screen and (min-width:700px) {
  .c1 {
    -webkit-transition: 0.1s ease-in-out;
    transition: 0.1s ease-in-out;
  }
}

<div
  className="c0"
>
  <button
    className="c1"
    onBlur={[Function]}
    onClick={[Function]}
    onFocus={[Function]}
    type="button"
  >
    <div
      className="c2"
    >
      Test
    </div>
  </button>
</div>
`;

exports[`Button renders 1`] = `
.c2 {
  display: -webkit-box;
  display: -webkit-flex;
  display: -ms-flexbox;
  display: flex;
  box-sizing: border-box;
  outline: none;
  max-width: 100%;
  -webkit-align-items: center;
  -webkit-box-align: center;
  -ms-flex-align: center;
  align-items: center;
  min-width: 0;
  min-height: 0;
  -webkit-flex-direction: row;
  -ms-flex-direction: row;
  flex-direction: row;
  -webkit-box-pack: center;
  -webkit-justify-content: center;
  -ms-flex-pack: center;
  justify-content: center;
  margin: 0px;
  padding: 0px;
}

.c1 {
  display: inline-block;
  box-sizing: border-box;
  cursor: pointer;
  outline: none;
  font: inherit;
  -webkit-text-decoration: none;
  text-decoration: none;
  margin: 0;
  background: transparent;
  overflow: visible;
  text-transform: none;
  border: 2px solid #7D4CDB;
  border-radius: 18px;
  color: #444444;
  padding: 4px 22px;
  font-size: 18px;
  line-height: 24px;
}

.c1:hover {
  box-shadow: 0px 0px 0px 2px #7D4CDB;
}

.c0 {
  font-size: 18px;
  line-height: 24px;
  color: #444444;
  box-sizing: border-box;
  -webkit-text-size-adjust: 100%;
  -ms-text-size-adjust: 100%;
  -moz-osx-font-smoothing: grayscale;
  -webkit-font-smoothing: antialiased;
}

@media only screen and (max-width:699px) {
  .c2 {
    margin: 0px;
  }
}

@media only screen and (max-width:699px) {
  .c2 {
    padding: 0px;
  }
}

@media only screen and (min-width:700px) {
  .c1 {
    -webkit-transition: 0.1s ease-in-out;
    transition: 0.1s ease-in-out;
  }
}

<div
  className="c0"
>
  <button
    className="c1"
    onBlur={[Function]}
    onClick={[Function]}
    onFocus={[Function]}
    type="button"
  >
    <div
      className="c2"
    >
      Test
    </div>
  </button>
</div>
`;

exports[`Button reverse icon label renders 1`] = `
.c2 {
  display: -webkit-box;
  display: -webkit-flex;
  display: -ms-flexbox;
  display: flex;
  box-sizing: border-box;
  outline: none;
  max-width: 100%;
  -webkit-align-items: center;
  -webkit-box-align: center;
  -ms-flex-align: center;
  align-items: center;
  min-width: 0;
  min-height: 0;
  -webkit-flex-direction: row;
  -ms-flex-direction: row;
  flex-direction: row;
  -webkit-box-pack: center;
  -webkit-justify-content: center;
  -ms-flex-pack: center;
  justify-content: center;
  margin: 0px;
  padding: 0px;
}

.c3 {
  -webkit-flex: 0 0 auto;
  -ms-flex: 0 0 auto;
  flex: 0 0 auto;
  width: 12px;
}

.c1 {
  display: inline-block;
  box-sizing: border-box;
  cursor: pointer;
  outline: none;
  font: inherit;
  -webkit-text-decoration: none;
  text-decoration: none;
  margin: 0;
  background: transparent;
  overflow: visible;
  text-transform: none;
  border: 2px solid #7D4CDB;
  border-radius: 18px;
  color: #444444;
  padding: 4px 22px;
  font-size: 18px;
  line-height: 24px;
}

.c1:hover {
  box-shadow: 0px 0px 0px 2px #7D4CDB;
}

.c0 {
  font-size: 18px;
  line-height: 24px;
  color: #444444;
  box-sizing: border-box;
  -webkit-text-size-adjust: 100%;
  -ms-text-size-adjust: 100%;
  -moz-osx-font-smoothing: grayscale;
  -webkit-font-smoothing: antialiased;
}

@media only screen and (max-width:699px) {
  .c2 {
    margin: 0px;
  }
}

@media only screen and (max-width:699px) {
  .c2 {
    padding: 0px;
  }
}

@media only screen and (min-width:700px) {
  .c1 {
    -webkit-transition: 0.1s ease-in-out;
    transition: 0.1s ease-in-out;
  }
}

<div
  className="c0"
>
  <button
    className="c1"
    onBlur={[Function]}
    onClick={[Function]}
    onFocus={[Function]}
    type="button"
  >
    <div
      className="c2"
    >
      Test
      <div
        className="c3"
      />
      <svg />
    </div>
  </button>
</div>
`;

exports[`Button warns about invalid icon render 1`] = `
.c2 {
  display: -webkit-box;
  display: -webkit-flex;
  display: -ms-flexbox;
  display: flex;
  box-sizing: border-box;
  outline: none;
  max-width: 100%;
  -webkit-align-items: center;
  -webkit-box-align: center;
  -ms-flex-align: center;
  align-items: center;
  min-width: 0;
  min-height: 0;
  -webkit-flex-direction: row;
  -ms-flex-direction: row;
  flex-direction: row;
  -webkit-box-pack: center;
  -webkit-justify-content: center;
  -ms-flex-pack: center;
  justify-content: center;
  margin: 0px;
  padding: 0px;
}

.c1 {
  display: inline-block;
  box-sizing: border-box;
  cursor: pointer;
  outline: none;
  font: inherit;
  -webkit-text-decoration: none;
  text-decoration: none;
  margin: 0;
  background: transparent;
  overflow: visible;
  text-transform: none;
  color: inherit;
  border: none;
  padding: 0;
  text-align: inherit;
  padding: 12px;
}

.c0 {
  font-size: 18px;
  line-height: 24px;
  color: #444444;
  box-sizing: border-box;
  -webkit-text-size-adjust: 100%;
  -ms-text-size-adjust: 100%;
  -moz-osx-font-smoothing: grayscale;
  -webkit-font-smoothing: antialiased;
}

@media only screen and (max-width:699px) {
  .c2 {
    margin: 0px;
  }
}

@media only screen and (max-width:699px) {
  .c2 {
    padding: 0px;
  }
}

@media only screen and (min-width:700px) {
  .c1 {
    -webkit-transition: 0.1s ease-in-out;
    transition: 0.1s ease-in-out;
  }
}

<div
  className="c0"
>
  <button
    className="c1"
    onBlur={[Function]}
    onClick={[Function]}
    onFocus={[Function]}
    type="button"
  >
    <div
      className="c2"
    >
      <svg />
    </div>
  </button>
</div>
`;

exports[`Button warns about invalid label render 1`] = `
.c2 {
  display: -webkit-box;
  display: -webkit-flex;
  display: -ms-flexbox;
  display: flex;
  box-sizing: border-box;
  outline: none;
  max-width: 100%;
  -webkit-align-items: center;
  -webkit-box-align: center;
  -ms-flex-align: center;
  align-items: center;
  min-width: 0;
  min-height: 0;
  -webkit-flex-direction: row;
  -ms-flex-direction: row;
  flex-direction: row;
  -webkit-box-pack: center;
  -webkit-justify-content: center;
  -ms-flex-pack: center;
  justify-content: center;
  margin: 0px;
  padding: 0px;
}

.c1 {
  display: inline-block;
  box-sizing: border-box;
  cursor: pointer;
  outline: none;
  font: inherit;
  -webkit-text-decoration: none;
  text-decoration: none;
  margin: 0;
  background: transparent;
  overflow: visible;
  text-transform: none;
  color: inherit;
  border: none;
  padding: 0;
  text-align: inherit;
}

.c0 {
  font-size: 18px;
  line-height: 24px;
  color: #444444;
  box-sizing: border-box;
  -webkit-text-size-adjust: 100%;
  -ms-text-size-adjust: 100%;
  -moz-osx-font-smoothing: grayscale;
  -webkit-font-smoothing: antialiased;
}

@media only screen and (max-width:699px) {
  .c2 {
    margin: 0px;
  }
}

@media only screen and (max-width:699px) {
  .c2 {
    padding: 0px;
  }
}

@media only screen and (min-width:700px) {
  .c1 {
    -webkit-transition: 0.1s ease-in-out;
    transition: 0.1s ease-in-out;
  }
}

<div
  className="c0"
>
  <button
    className="c1"
    onBlur={[Function]}
    onClick={[Function]}
    onFocus={[Function]}
    type="button"
  >
    <div
      className="c2"
    >
      Test
    </div>
  </button>
</div>
`;
