// Jest Snapshot v1, https://goo.gl/fbAQLP

exports[`RoutedAnchor renders 1`] = `
.c0 {
  font-size: 18px;
  line-height: 24px;
  color: #444444;
  box-sizing: border-box;
  -webkit-text-size-adjust: 100%;
  -ms-text-size-adjust: 100%;
  -moz-osx-font-smoothing: grayscale;
  -webkit-font-smoothing: antialiased;
}

.c3 {
  font-size: 18px;
  line-height: 24px;
}

.c1 {
  box-sizing: border-box;
  font-size: inherit;
  line-height: inherit;
  color: #6194EB;
  -webkit-text-decoration: none;
  text-decoration: none;
  cursor: pointer;
  outline: none;
}

.c1:hover {
  -webkit-text-decoration: underline;
  text-decoration: underline;
}

.c2 {
  display: -webkit-box;
  display: -webkit-flex;
  display: -ms-flexbox;
  display: flex;
  box-sizing: border-box;
  outline: none;
  max-width: 100%;
  -webkit-align-items: center;
  -webkit-box-align: center;
  -ms-flex-align: center;
  align-items: center;
  min-width: 0;
  min-height: 0;
  -webkit-flex-direction: row;
  -ms-flex-direction: row;
  flex-direction: row;
  margin: 0px;
  padding: 0px;
}

@media only screen and (max-width:768px) {
  .c2 {
    margin: 0px;
  }
}

@media only screen and (max-width:768px) {
  .c2 {
    padding: 0px;
  }
}

<div
  className="c0"
>
  <div>
    <a
      className="c1"
      href="/"
      onBlur={[Function]}
      onClick={[Function]}
      onFocus={[Function]}
    >
      <span
        className="-span c2"
        style={
          Object {
            "display": "inline-flex",
          }
        }
      >
        <span
          className="c3"
        >
          <strong>
            Test
          </strong>
        </span>
      </span>
    </a>
  </div>
</div>
`;
