// Jest Snapshot v1, https://goo.gl/fbAQLP

exports[`CheckBox checked renders 1`] = `
.c0 {
  font-size: 18px;
  line-height: 24px;
  color: #444444;
  box-sizing: border-box;
  -webkit-text-size-adjust: 100%;
  -ms-text-size-adjust: 100%;
  -moz-osx-font-smoothing: grayscale;
  -webkit-font-smoothing: antialiased;
}

.c1 {
  display: -webkit-box;
  display: -webkit-flex;
  display: -ms-flexbox;
  display: flex;
  -webkit-flex-direction: row;
  -ms-flex-direction: row;
  flex-direction: row;
  -webkit-align-items: center;
  -webkit-box-align: center;
  -ms-flex-align: center;
  align-items: center;
  cursor: pointer;
  -webkit-user-select: none;
  -moz-user-select: none;
  -ms-user-select: none;
  user-select: none;
}

.c1 > div:first-child {
  margin-right: 12px;
}

.c1:hover input:not([disabled]) + div,
.c1:hover input:not([disabled]) + span {
  border-color: #000000;
}

.c3 {
  position: absolute;
  opacity: 0;
  top: 0;
  left: 0;
  width: 100%;
  height: 100%;
  margin: 0;
  z-index: 1;
  cursor: pointer;
}

.c3:checked + div {
  border-color: #7D4CDB;
}

.c3:checked + div > svg {
  display: block;
}

.c3:checked + span > span {
  left: 24px;
  background: #7D4CDB;
}

.c4 {
  box-sizing: border-box;
  position: relative;
  top: -1px;
  display: inline-block;
  width: 24px;
  height: 24px;
  vertical-align: middle;
  background: inherit;
  border: 2px solid;
  border-color: rgba(0,0,0,0.15);
  border-radius: 4px;
}

.c4 > svg {
  box-sizing: border-box;
  position: absolute;
  top: -2px;
  left: -2px;
  display: none;
  width: 24px;
  height: 24px;
  stroke-width: 4px;
  stroke: #7D4CDB;
}

.c2 {
  position: relative;
}

<div
  className="c0"
>
  <label
    className="c1"
  >
    <div
      className="c2"
    >
      <input
        checked={true}
        className="c3"
        onBlur={[Function]}
        onFocus={[Function]}
        type="checkbox"
      />
      <div
        className="c4"
      >
        <svg
          preserveAspectRatio="xMidYMid meet"
          viewBox="0 0 24 24"
        >
          <path
            d="M6,11.3 L10.3,16 L18,6.2"
            fill="none"
          />
        </svg>
      </div>
    </div>
  </label>
</div>
`;

exports[`CheckBox disabled renders 1`] = `
.c0 {
  font-size: 18px;
  line-height: 24px;
  color: #444444;
  box-sizing: border-box;
  -webkit-text-size-adjust: 100%;
  -ms-text-size-adjust: 100%;
  -moz-osx-font-smoothing: grayscale;
  -webkit-font-smoothing: antialiased;
}

.c1 {
  display: -webkit-box;
  display: -webkit-flex;
  display: -ms-flexbox;
  display: flex;
  -webkit-flex-direction: row;
  -ms-flex-direction: row;
  flex-direction: row;
  -webkit-align-items: center;
  -webkit-box-align: center;
  -ms-flex-align: center;
  align-items: center;
  cursor: pointer;
  -webkit-user-select: none;
  -moz-user-select: none;
  -ms-user-select: none;
  user-select: none;
  opacity: 0.5;
  cursor: default;
}

.c1 > div:first-child {
  margin-right: 12px;
}

.c1:hover input:not([disabled]) + div,
.c1:hover input:not([disabled]) + span {
  border-color: #000000;
}

.c3 {
  position: absolute;
  opacity: 0;
  top: 0;
  left: 0;
  width: 100%;
  height: 100%;
  margin: 0;
  z-index: 1;
  cursor: pointer;
}

.c3:checked + div {
  border-color: #7D4CDB;
}

.c3:checked + div > svg {
  display: block;
}

.c3:checked + span > span {
  left: 24px;
  background: #7D4CDB;
}

.c4 {
  box-sizing: border-box;
  position: relative;
  top: -1px;
  display: inline-block;
  width: 24px;
  height: 24px;
  vertical-align: middle;
  background: inherit;
  border: 2px solid;
  border-color: rgba(0,0,0,0.15);
  border-radius: 4px;
}

.c4 > svg {
  box-sizing: border-box;
  position: absolute;
  top: -2px;
  left: -2px;
  display: none;
  width: 24px;
  height: 24px;
  stroke-width: 4px;
  stroke: #7D4CDB;
}

.c2 {
  position: relative;
}

<div
  className="c0"
>
  <label
    className="c1"
    disabled={true}
  >
    <div
      className="c2"
    >
      <input
        className="c3"
        disabled={true}
        onBlur={[Function]}
        onFocus={[Function]}
        type="checkbox"
      />
      <div
        className="c4"
      >
        <svg
          preserveAspectRatio="xMidYMid meet"
          viewBox="0 0 24 24"
        >
          <path
            d="M6,11.3 L10.3,16 L18,6.2"
            fill="none"
          />
        </svg>
      </div>
    </div>
  </label>
  <label
    className="c1"
    disabled={true}
  >
    <div
      className="c2"
    >
      <input
        checked={true}
        className="c3"
        disabled={true}
        onBlur={[Function]}
        onFocus={[Function]}
        type="checkbox"
      />
      <div
        className="c4"
      >
        <svg
          preserveAspectRatio="xMidYMid meet"
          viewBox="0 0 24 24"
        >
          <path
            d="M6,11.3 L10.3,16 L18,6.2"
            fill="none"
          />
        </svg>
      </div>
    </div>
    <input
      type="hidden"
      value="true"
    />
  </label>
</div>
`;

exports[`CheckBox label renders 1`] = `
.c0 {
  font-size: 18px;
  line-height: 24px;
  color: #444444;
  box-sizing: border-box;
  -webkit-text-size-adjust: 100%;
  -ms-text-size-adjust: 100%;
  -moz-osx-font-smoothing: grayscale;
  -webkit-font-smoothing: antialiased;
}

.c1 {
  display: -webkit-box;
  display: -webkit-flex;
  display: -ms-flexbox;
  display: flex;
  -webkit-flex-direction: row;
  -ms-flex-direction: row;
  flex-direction: row;
  -webkit-align-items: center;
  -webkit-box-align: center;
  -ms-flex-align: center;
  align-items: center;
  cursor: pointer;
  -webkit-user-select: none;
  -moz-user-select: none;
  -ms-user-select: none;
  user-select: none;
}

.c1 > div:first-child {
  margin-right: 12px;
}

.c1:hover input:not([disabled]) + div,
.c1:hover input:not([disabled]) + span {
  border-color: #000000;
}

.c3 {
  position: absolute;
  opacity: 0;
  top: 0;
  left: 0;
  width: 100%;
  height: 100%;
  margin: 0;
  z-index: 1;
  cursor: pointer;
}

.c3:checked + div {
  border-color: #7D4CDB;
}

.c3:checked + div > svg {
  display: block;
}

.c3:checked + span > span {
  left: 24px;
  background: #7D4CDB;
}

.c4 {
  box-sizing: border-box;
  position: relative;
  top: -1px;
  display: inline-block;
  width: 24px;
  height: 24px;
  vertical-align: middle;
  background: inherit;
  border: 2px solid;
  border-color: rgba(0,0,0,0.15);
  border-radius: 4px;
}

.c4 > svg {
  box-sizing: border-box;
  position: absolute;
  top: -2px;
  left: -2px;
  display: none;
  width: 24px;
  height: 24px;
  stroke-width: 4px;
  stroke: #7D4CDB;
}

.c2 {
  position: relative;
}

<div
  className="c0"
>
  <label
    className="c1"
  >
    <div
      className="c2"
    >
      <input
        className="c3"
        onBlur={[Function]}
        onFocus={[Function]}
        type="checkbox"
      />
      <div
        className="c4"
      >
        <svg
          preserveAspectRatio="xMidYMid meet"
          viewBox="0 0 24 24"
        >
          <path
            d="M6,11.3 L10.3,16 L18,6.2"
            fill="none"
          />
        </svg>
      </div>
    </div>
    <div>
      test label
    </div>
  </label>
  <label
    className="c1"
  >
    <div
      className="c2"
    >
      <input
        className="c3"
        onBlur={[Function]}
        onFocus={[Function]}
        type="checkbox"
      />
      <div
        className="c4"
      >
        <svg
          preserveAspectRatio="xMidYMid meet"
          viewBox="0 0 24 24"
        >
          <path
            d="M6,11.3 L10.3,16 L18,6.2"
            fill="none"
          />
        </svg>
      </div>
    </div>
    <div>
      test label
    </div>
  </label>
</div>
`;

exports[`CheckBox renders 1`] = `
.c0 {
  font-size: 18px;
  line-height: 24px;
  color: #444444;
  box-sizing: border-box;
  -webkit-text-size-adjust: 100%;
  -ms-text-size-adjust: 100%;
  -moz-osx-font-smoothing: grayscale;
  -webkit-font-smoothing: antialiased;
}

.c1 {
  display: -webkit-box;
  display: -webkit-flex;
  display: -ms-flexbox;
  display: flex;
  -webkit-flex-direction: row;
  -ms-flex-direction: row;
  flex-direction: row;
  -webkit-align-items: center;
  -webkit-box-align: center;
  -ms-flex-align: center;
  align-items: center;
  cursor: pointer;
  -webkit-user-select: none;
  -moz-user-select: none;
  -ms-user-select: none;
  user-select: none;
}

.c1 > div:first-child {
  margin-right: 12px;
}

.c1:hover input:not([disabled]) + div,
.c1:hover input:not([disabled]) + span {
  border-color: #000000;
}

.c3 {
  position: absolute;
  opacity: 0;
  top: 0;
  left: 0;
  width: 100%;
  height: 100%;
  margin: 0;
  z-index: 1;
  cursor: pointer;
}

.c3:checked + div {
  border-color: #7D4CDB;
}

.c3:checked + div > svg {
  display: block;
}

.c3:checked + span > span {
  left: 24px;
  background: #7D4CDB;
}

.c4 {
  box-sizing: border-box;
  position: relative;
  top: -1px;
  display: inline-block;
  width: 24px;
  height: 24px;
  vertical-align: middle;
  background: inherit;
  border: 2px solid;
  border-color: rgba(0,0,0,0.15);
  border-radius: 4px;
}

.c4 > svg {
  box-sizing: border-box;
  position: absolute;
  top: -2px;
  left: -2px;
  display: none;
  width: 24px;
  height: 24px;
  stroke-width: 4px;
  stroke: #7D4CDB;
}

.c2 {
  position: relative;
}

<div
  className="c0"
>
  <label
    className="c1"
  >
    <div
      className="c2"
    >
      <input
        className="c3"
        onBlur={[Function]}
        onFocus={[Function]}
        type="checkbox"
      />
      <div
        className="c4"
      >
        <svg
          preserveAspectRatio="xMidYMid meet"
          viewBox="0 0 24 24"
        >
          <path
            d="M6,11.3 L10.3,16 L18,6.2"
            fill="none"
          />
        </svg>
      </div>
    </div>
  </label>
  <label
    className="c1"
    htmlFor="test id"
  >
    <div
      className="c2"
    >
      <input
        className="c3"
        id="test id"
        name="test name"
        onBlur={[Function]}
        onFocus={[Function]}
        type="checkbox"
      />
      <div
        className="c4"
      >
        <svg
          preserveAspectRatio="xMidYMid meet"
          viewBox="0 0 24 24"
        >
          <path
            d="M6,11.3 L10.3,16 L18,6.2"
            fill="none"
          />
        </svg>
      </div>
    </div>
  </label>
</div>
`;

exports[`CheckBox reverse renders 1`] = `
.c0 {
  font-size: 18px;
  line-height: 24px;
  color: #444444;
  box-sizing: border-box;
  -webkit-text-size-adjust: 100%;
  -ms-text-size-adjust: 100%;
  -moz-osx-font-smoothing: grayscale;
  -webkit-font-smoothing: antialiased;
}

.c1 {
  display: -webkit-box;
  display: -webkit-flex;
  display: -ms-flexbox;
  display: flex;
  -webkit-flex-direction: row-reverse;
  -ms-flex-direction: row-reverse;
  flex-direction: row-reverse;
  -webkit-align-items: center;
  -webkit-box-align: center;
  -ms-flex-align: center;
  align-items: center;
  cursor: pointer;
  -webkit-user-select: none;
  -moz-user-select: none;
  -ms-user-select: none;
  user-select: none;
}

.c1 > div:first-child {
  margin-left: 12px;
}

.c1:hover input:not([disabled]) + div,
.c1:hover input:not([disabled]) + span {
  border-color: #000000;
}

.c3 {
  position: absolute;
  opacity: 0;
  top: 0;
  left: 0;
  width: 100%;
  height: 100%;
  margin: 0;
  z-index: 1;
  cursor: pointer;
}

.c3:checked + div {
  border-color: #7D4CDB;
}

.c3:checked + div > svg {
  display: block;
}

.c3:checked + span > span {
  left: 24px;
  background: #7D4CDB;
}

.c4 {
  box-sizing: border-box;
  position: relative;
  top: -1px;
  display: inline-block;
  width: 24px;
  height: 24px;
  vertical-align: middle;
  background: inherit;
  border: 2px solid;
  border-color: rgba(0,0,0,0.15);
  border-radius: 4px;
}

.c4 > svg {
  box-sizing: border-box;
  position: absolute;
  top: -2px;
  left: -2px;
  display: none;
  width: 24px;
  height: 24px;
  stroke-width: 4px;
  stroke: #7D4CDB;
}

.c2 {
  position: relative;
}

<div
  className="c0"
>
  <label
    className="c1"
  >
    <div
      className="c2"
    >
      <input
        className="c3"
        onBlur={[Function]}
        onFocus={[Function]}
        type="checkbox"
      />
      <div
        className="c4"
      >
        <svg
          preserveAspectRatio="xMidYMid meet"
          viewBox="0 0 24 24"
        >
          <path
            d="M6,11.3 L10.3,16 L18,6.2"
            fill="none"
          />
        </svg>
      </div>
    </div>
    <div>
      test label
    </div>
  </label>
</div>
`;

exports[`CheckBox toggle renders 1`] = `
.c0 {
  font-size: 18px;
  line-height: 24px;
  color: #444444;
  box-sizing: border-box;
  -webkit-text-size-adjust: 100%;
  -ms-text-size-adjust: 100%;
  -moz-osx-font-smoothing: grayscale;
  -webkit-font-smoothing: antialiased;
}

.c1 {
  display: -webkit-box;
  display: -webkit-flex;
  display: -ms-flexbox;
  display: flex;
  -webkit-flex-direction: row;
  -ms-flex-direction: row;
  flex-direction: row;
  -webkit-align-items: center;
  -webkit-box-align: center;
  -ms-flex-align: center;
  align-items: center;
  cursor: pointer;
  -webkit-user-select: none;
  -moz-user-select: none;
  -ms-user-select: none;
  user-select: none;
}

.c1 > div:first-child {
  margin-right: 12px;
}

.c1:hover input:not([disabled]) + div,
.c1:hover input:not([disabled]) + span {
  border-color: #000000;
}

.c3 {
  position: absolute;
  opacity: 0;
  top: 0;
  left: 0;
  width: 100%;
  height: 100%;
  margin: 0;
  z-index: 1;
  cursor: pointer;
}

.c3:checked + div {
  border-color: #7D4CDB;
}

.c3:checked + div > svg {
  display: block;
}

.c3:checked + span > span {
  left: 24px;
  background: #7D4CDB;
}

.c4 {
  box-sizing: border-box;
  position: relative;
  vertical-align: middle;
  display: inline-block;
  width: 48px;
  height: 24px;
  border: 2px solid;
  border-color: rgba(0,0,0,0.15);
  border-radius: 24px;
}

.c5 {
  box-sizing: border-box;
  position: absolute;
  top: -2px;
  left: -2px;
  -webkit-transition: all 0.3s;
  transition: all 0.3s;
  width: 24px;
  height: 24px;
  background: #d9d9d9;
  border-radius: 24px;
}

.c2 {
  position: relative;
}

<div
  className="c0"
>
  <label
    className="c1"
  >
    <div
      className="c2"
    >
      <input
        className="c3"
        onBlur={[Function]}
        onFocus={[Function]}
        type="checkbox"
      />
      <span
        className="c4"
      >
        <span
          className="c5"
        />
      </span>
    </div>
  </label>
  <label
    className="c1"
  >
    <div
      className="c2"
    >
      <input
        checked={true}
        className="c3"
        onBlur={[Function]}
        onFocus={[Function]}
        type="checkbox"
      />
      <span
        className="c4"
      >
        <span
          className="c5"
        />
      </span>
    </div>
  </label>
  <label
    className="c1"
  >
    <div
      className="c2"
    >
      <input
        className="c3"
        onBlur={[Function]}
        onFocus={[Function]}
        type="checkbox"
      />
      <span
        className="c4"
      >
        <span
          className="c5"
        />
      </span>
    </div>
    <div>
      test label
    </div>
  </label>
</div>
`;
