// Jest Snapshot v1, https://goo.gl/fbAQLP

exports[`Components loads 1`] = `
Object {
  "Accordion": Object {
    "$$typeof": Symbol(react.forward_ref),
    "displayName": "Accordion",
    "name": "Accordion",
    "render": [Function],
  },
  "AccordionPanel": Object {
    "$$typeof": Symbol(react.forward_ref),
    "displayName": "AccordionPanel",
    "name": "AccordionPanel",
    "render": [Function],
  },
  "Anchor": Object {
    "$$typeof": Symbol(react.forward_ref),
    "displayName": "Anchor",
    "name": "Anchor",
    "render": [Function],
  },
  "Box": Object {
    "$$typeof": Symbol(react.forward_ref),
    "displayName": "Box",
    "name": "Box",
    "render": [Function],
  },
  "Button": Object {
    "$$typeof": Symbol(react.forward_ref),
    "displayName": "Button",
    "name": "Button",
    "render": [Function],
  },
  "Calendar": Object {
    "$$typeof": Symbol(react.forward_ref),
    "displayName": "Calendar",
    "name": "Calendar",
    "render": [Function],
  },
  "Carousel": Object {
    "$$typeof": Symbol(react.forward_ref),
    "displayName": "Carousel",
    "name": "Carousel",
    "render": [Function],
  },
  "Chart": Object {
    "$$typeof": Symbol(react.forward_ref),
    "displayName": "Chart",
    "name": "Chart",
    "render": [Function],
  },
  "CheckBox": Object {
    "$$typeof": Symbol(react.forward_ref),
    "displayName": "CheckBox",
    "name": "CheckBox",
    "render": [Function],
  },
  "Clock": Object {
    "$$typeof": Symbol(react.forward_ref),
    "displayName": "Clock",
    "name": "Clock",
    "render": [Function],
  },
  "Collapsible": Object {
    "$$typeof": Symbol(react.forward_ref),
    "displayName": "Collapsible",
    "name": "Collapsible",
    "render": [Function],
  },
  "DataTable": Object {
    "$$typeof": Symbol(react.forward_ref),
    "displayName": "DataTable",
    "name": "DataTable",
    "render": [Function],
  },
  "Diagram": Object {
    "$$typeof": Symbol(react.forward_ref),
    "displayName": "Diagram",
    "name": "Diagram",
    "render": [Function],
  },
  "Distribution": Object {
    "$$typeof": Symbol(react.forward_ref),
    "displayName": "Distribution",
    "name": "Distribution",
    "render": [Function],
  },
  "Drop": Object {
    "$$typeof": Symbol(react.forward_ref),
    "displayName": "Drop",
    "name": "Drop",
    "render": [Function],
  },
  "DropButton": Object {
    "$$typeof": Symbol(react.forward_ref),
    "displayName": "DropButton",
    "name": "DropButton",
    "render": [Function],
  },
  "FormField": Object {
    "$$typeof": Symbol(react.forward_ref),
    "displayName": "FormField",
    "name": "FormField",
    "render": [Function],
  },
  "Grid": Object {
    "$$typeof": Symbol(react.forward_ref),
    "available": undefined,
    "displayName": "Grid",
    "name": "Grid",
    "render": [Function],
  },
  "Grommet": [Function],
  "Heading": Object {
    "$$typeof": Symbol(react.forward_ref),
    "displayName": "Heading",
    "name": "Heading",
    "render": [Function],
  },
  "Image": Object {
    "$$typeof": Symbol(react.forward_ref),
    "displayName": "Image",
    "name": "Image",
    "render": [Function],
  },
  "InfiniteScroll": [Function],
  "Keyboard": [Function],
  "Layer": Object {
    "$$typeof": Symbol(react.forward_ref),
    "displayName": "Layer",
    "name": "Layer",
    "render": [Function],
  },
  "Markdown": Object {
    "$$typeof": Symbol(react.forward_ref),
    "displayName": "GrommetMarkdown",
    "name": "GrommetMarkdown",
    "render": [Function],
  },
  "Menu": Object {
    "$$typeof": Symbol(react.forward_ref),
    "displayName": "Menu",
    "name": "Menu",
    "render": [Function],
  },
  "Meter": Object {
    "$$typeof": Symbol(react.forward_ref),
    "displayName": "Meter",
    "name": "Meter",
    "render": [Function],
  },
  "Paragraph": Object {
    "$$typeof": Symbol(react.forward_ref),
    "displayName": "Paragraph",
    "name": "Paragraph",
    "render": [Function],
  },
  "RadioButton": Object {
    "$$typeof": Symbol(react.forward_ref),
    "displayName": "RadioButton",
    "name": "RadioButton",
    "render": [Function],
  },
  "RangeInput": Object {
    "$$typeof": Symbol(react.forward_ref),
    "displayName": "RangeInput",
    "name": "RangeInput",
    "render": [Function],
  },
  "RangeSelector": Object {
    "$$typeof": Symbol(react.forward_ref),
    "displayName": "RangeSelector",
    "name": "RangeSelector",
    "render": [Function],
  },
  "RoutedAnchor": [Function],
  "RoutedButton": [Function],
  "Select": Object {
    "$$typeof": Symbol(react.forward_ref),
    "displayName": "Select",
    "name": "Select",
    "render": [Function],
  },
  "SkipLink": [Function],
  "SkipLinkTarget": [Function],
  "SkipLinks": [Function],
  "Stack": Object {
    "$$typeof": Symbol(react.forward_ref),
    "displayName": "Stack",
    "name": "Stack",
    "render": [Function],
  },
  "Tab": Object {
    "$$typeof": Symbol(react.forward_ref),
    "displayName": "Tab",
    "name": "Tab",
    "render": [Function],
  },
  "Table": Object {
    "$$typeof": Symbol(react.forward_ref),
    "displayName": "Table",
    "name": "Table",
    "render": [Function],
  },
  "TableBody": [Function],
  "TableCell": Object {
    "$$typeof": Symbol(react.forward_ref),
    "displayName": "TableCell",
    "name": "TableCell",
    "render": [Function],
  },
  "TableFooter": [Function],
  "TableHeader": [Function],
  "TableRow": [Function],
  "Tabs": Object {
    "$$typeof": Symbol(react.forward_ref),
    "displayName": "Tabs",
    "name": "Tabs",
    "render": [Function],
  },
  "Text": Object {
    "$$typeof": Symbol(react.forward_ref),
    "displayName": "Text",
    "name": "Text",
    "render": [Function],
  },
  "TextArea": Object {
    "$$typeof": Symbol(react.forward_ref),
    "displayName": "TextArea",
    "name": "TextArea",
    "render": [Function],
  },
  "TextInput": Object {
    "$$typeof": Symbol(react.forward_ref),
    "displayName": "TextInput",
    "name": "TextInput",
    "render": [Function],
  },
  "Video": Object {
    "$$typeof": Symbol(react.forward_ref),
    "displayName": "Video",
    "name": "Video",
    "render": [Function],
  },
  "WorldMap": Object {
    "$$typeof": Symbol(react.forward_ref),
    "displayName": "WorldMap",
    "name": "WorldMap",
    "render": [Function],
  },
  "__esModule": true,
  "calcs": [Function],
}
`;
