// Jest Snapshot v1, https://goo.gl/fbAQLP

exports[`Drop align left random 1`] = `
.c0 {
  font-size: 18px;
  line-height: 24px;
  color: #444444;
  box-sizing: border-box;
  -webkit-text-size-adjust: 100%;
  -ms-text-size-adjust: 100%;
  -moz-osx-font-smoothing: grayscale;
  -webkit-font-smoothing: antialiased;
  border-radius: 0px;
  box-shadow: 0px 3px 8px rgba(100,100,100,0.50);
  position: fixed;
  z-index: 20;
  outline: none;
  background: #ffffff;
  color: #444444;
  opacity: 0;
  -webkit-transform-origin: bottom left;
  -ms-transform-origin: bottom left;
  transform-origin: bottom left;
  -webkit-animation: jNdvGQ 0.1s forwards;
  animation: jNdvGQ 0.1s forwards;
  -webkit-animation-delay: 0.01s;
  animation-delay: 0.01s;
}

@media screen and (-ms-high-contrast:active),(-ms-high-contrast:none) {
  .c0 {
    display: -webkit-box;
    display: -webkit-flex;
    display: -ms-flexbox;
    display: flex;
    -webkit-align-items: stretch;
    -webkit-box-align: stretch;
    -ms-flex-align: stretch;
    align-items: stretch;
  }
}

<div
  class="c0"
  id="drop-node"
  style="width: 0.1px; top: 0px; max-height: 768px;"
  tabindex="-1"
>
  this is a test
</div>
`;

exports[`Drop align left random 2`] = `
"

@media screen and (-ms-high-contrast:active),(-ms-high-contrast:none) {
  .Xwzwy {
    display: -webkit-box;
    display: -webkit-flex;
    display: -ms-flexbox;
    display: flex;
    -webkit-align-items: stretch;
    -webkit-box-align: stretch;
    -ms-flex-align: stretch;
    align-items: stretch;
  }
}

@media screen and (-ms-high-contrast:active),(-ms-high-contrast:none) {
  .fGzpgh {
    display: -webkit-box;
    display: -webkit-flex;
    display: -ms-flexbox;
    display: flex;
    -webkit-align-items: stretch;
    -webkit-box-align: stretch;
    -ms-flex-align: stretch;
    align-items: stretch;
  }
}

.dWZvLk {
  font-size: 18px;
  line-height: 24px;
  color: #444444;
  box-sizing: border-box;
  -webkit-text-size-adjust: 100%;
  -ms-text-size-adjust: 100%;
  -moz-osx-font-smoothing: grayscale;
  -webkit-font-smoothing: antialiased;
  border-radius: 0px;
  box-shadow: 0px 3px 8px rgba(100,100,100,0.50);
  position: fixed;
  z-index: 20;
  outline: none;
  background: #ffffff;
  color: #444444;
  opacity: 0;
  -webkit-transform-origin: bottom left;
  -ms-transform-origin: bottom left;
  transform-origin: bottom left;
  -webkit-animation: jNdvGQ 0.1s forwards;
  animation: jNdvGQ 0.1s forwards;
  -webkit-animation-delay: 0.01s;
  animation-delay: 0.01s;
}

@media screen and (-ms-high-contrast:active),(-ms-high-contrast:none) {
  .dWZvLk {
    display: -webkit-box;
    display: -webkit-flex;
    display: -ms-flexbox;
    display: flex;
    -webkit-align-items: stretch;
    -webkit-box-align: stretch;
    -ms-flex-align: stretch;
    align-items: stretch;
  }
}"
`;

exports[`Drop align left right top bottom 1`] = `
.c0 {
  font-size: 18px;
  line-height: 24px;
  color: #444444;
  box-sizing: border-box;
  -webkit-text-size-adjust: 100%;
  -ms-text-size-adjust: 100%;
  -moz-osx-font-smoothing: grayscale;
  -webkit-font-smoothing: antialiased;
  border-radius: 0px;
  box-shadow: 0px 3px 8px rgba(100,100,100,0.50);
  position: fixed;
  z-index: 20;
  outline: none;
  background: #ffffff;
  color: #444444;
  opacity: 0;
  -webkit-transform-origin: top left;
  -ms-transform-origin: top left;
  transform-origin: top left;
  -webkit-animation: jNdvGQ 0.1s forwards;
  animation: jNdvGQ 0.1s forwards;
  -webkit-animation-delay: 0.01s;
  animation-delay: 0.01s;
}

@media screen and (-ms-high-contrast:active),(-ms-high-contrast:none) {
  .c0 {
    display: -webkit-box;
    display: -webkit-flex;
    display: -ms-flexbox;
    display: flex;
    -webkit-align-items: stretch;
    -webkit-box-align: stretch;
    -ms-flex-align: stretch;
    align-items: stretch;
  }
}

<div
  class="c0"
  id="drop-node"
  style="left: 0px; width: 0.1px; top: 0px; max-height: 768px;"
  tabindex="-1"
>
  this is a test
</div>
`;

exports[`Drop align left right top bottom 2`] = `
"

.Xwzwy {
  font-size: 18px;
  line-height: 24px;
  color: #444444;
  box-sizing: border-box;
  -webkit-text-size-adjust: 100%;
  -ms-text-size-adjust: 100%;
  -moz-osx-font-smoothing: grayscale;
  -webkit-font-smoothing: antialiased;
  border-radius: 0px;
  box-shadow: 0px 3px 8px rgba(100,100,100,0.50);
  position: fixed;
  z-index: 20;
  outline: none;
  background: #ffffff;
  color: #444444;
  opacity: 0;
  -webkit-transform-origin: top left;
  -ms-transform-origin: top left;
  transform-origin: top left;
  -webkit-animation: jNdvGQ 0.1s forwards;
  animation: jNdvGQ 0.1s forwards;
  -webkit-animation-delay: 0.01s;
  animation-delay: 0.01s;
}

@media screen and (-ms-high-contrast:active),(-ms-high-contrast:none) {
  .Xwzwy {
    display: -webkit-box;
    display: -webkit-flex;
    display: -ms-flexbox;
    display: flex;
    -webkit-align-items: stretch;
    -webkit-box-align: stretch;
    -ms-flex-align: stretch;
    align-items: stretch;
  }
}"
`;

exports[`Drop align right left top top 1`] = `
.c0 {
  font-size: 18px;
  line-height: 24px;
  color: #444444;
  box-sizing: border-box;
  -webkit-text-size-adjust: 100%;
  -ms-text-size-adjust: 100%;
  -moz-osx-font-smoothing: grayscale;
  -webkit-font-smoothing: antialiased;
  border-radius: 0px;
  box-shadow: 0px 3px 8px rgba(100,100,100,0.50);
  position: fixed;
  z-index: 20;
  outline: none;
  background: #ffffff;
  color: #444444;
  opacity: 0;
  -webkit-transform-origin: top right;
  -ms-transform-origin: top right;
  transform-origin: top right;
  -webkit-animation: jNdvGQ 0.1s forwards;
  animation: jNdvGQ 0.1s forwards;
  -webkit-animation-delay: 0.01s;
  animation-delay: 0.01s;
}

@media screen and (-ms-high-contrast:active),(-ms-high-contrast:none) {
  .c0 {
    display: -webkit-box;
    display: -webkit-flex;
    display: -ms-flexbox;
    display: flex;
    -webkit-align-items: stretch;
    -webkit-box-align: stretch;
    -ms-flex-align: stretch;
    align-items: stretch;
  }
}

<div
  class="c0"
  id="drop-node"
  style="left: 0px; width: 0.1px; top: 0px; max-height: 768px;"
  tabindex="-1"
>
  this is a test
</div>
`;

exports[`Drop align right left top top 2`] = `
"

@media screen and (-ms-high-contrast:active),(-ms-high-contrast:none) {
  .Xwzwy {
    display: -webkit-box;
    display: -webkit-flex;
    display: -ms-flexbox;
    display: flex;
    -webkit-align-items: stretch;
    -webkit-box-align: stretch;
    -ms-flex-align: stretch;
    align-items: stretch;
  }
}

@media screen and (-ms-high-contrast:active),(-ms-high-contrast:none) {
  .fGzpgh {
    display: -webkit-box;
    display: -webkit-flex;
    display: -ms-flexbox;
    display: flex;
    -webkit-align-items: stretch;
    -webkit-box-align: stretch;
    -ms-flex-align: stretch;
    align-items: stretch;
  }
}

@media screen and (-ms-high-contrast:active),(-ms-high-contrast:none) {
  .dWZvLk {
    display: -webkit-box;
    display: -webkit-flex;
    display: -ms-flexbox;
    display: flex;
    -webkit-align-items: stretch;
    -webkit-box-align: stretch;
    -ms-flex-align: stretch;
    align-items: stretch;
  }
}

.eowJqb {
  font-size: 18px;
  line-height: 24px;
  color: #444444;
  box-sizing: border-box;
  -webkit-text-size-adjust: 100%;
  -ms-text-size-adjust: 100%;
  -moz-osx-font-smoothing: grayscale;
  -webkit-font-smoothing: antialiased;
  border-radius: 0px;
  box-shadow: 0px 3px 8px rgba(100,100,100,0.50);
  position: fixed;
  z-index: 20;
  outline: none;
  background: #ffffff;
  color: #444444;
  opacity: 0;
  -webkit-transform-origin: top right;
  -ms-transform-origin: top right;
  transform-origin: top right;
  -webkit-animation: jNdvGQ 0.1s forwards;
  animation: jNdvGQ 0.1s forwards;
  -webkit-animation-delay: 0.01s;
  animation-delay: 0.01s;
}

@media screen and (-ms-high-contrast:active),(-ms-high-contrast:none) {
  .eowJqb {
    display: -webkit-box;
    display: -webkit-flex;
    display: -ms-flexbox;
    display: flex;
    -webkit-align-items: stretch;
    -webkit-box-align: stretch;
    -ms-flex-align: stretch;
    align-items: stretch;
  }
}"
`;

exports[`Drop align right random 1`] = `
.c0 {
  font-size: 18px;
  line-height: 24px;
  color: #444444;
  box-sizing: border-box;
  -webkit-text-size-adjust: 100%;
  -ms-text-size-adjust: 100%;
  -moz-osx-font-smoothing: grayscale;
  -webkit-font-smoothing: antialiased;
  border-radius: 0px;
  box-shadow: 0px 3px 8px rgba(100,100,100,0.50);
  position: fixed;
  z-index: 20;
  outline: none;
  background: #ffffff;
  color: #444444;
  opacity: 0;
  -webkit-transform-origin: top right;
  -ms-transform-origin: top right;
  transform-origin: top right;
  -webkit-animation: jNdvGQ 0.1s forwards;
  animation: jNdvGQ 0.1s forwards;
  -webkit-animation-delay: 0.01s;
  animation-delay: 0.01s;
}

@media screen and (-ms-high-contrast:active),(-ms-high-contrast:none) {
  .c0 {
    display: -webkit-box;
    display: -webkit-flex;
    display: -ms-flexbox;
    display: flex;
    -webkit-align-items: stretch;
    -webkit-box-align: stretch;
    -ms-flex-align: stretch;
    align-items: stretch;
  }
}

<div
  class="c0"
  id="drop-node"
  style="width: 0.1px; top: 0px; max-height: 768px;"
  tabindex="-1"
>
  this is a test
</div>
`;

exports[`Drop align right random 2`] = `
"

@media screen and (-ms-high-contrast:active),(-ms-high-contrast:none) {
  .Xwzwy {
    display: -webkit-box;
    display: -webkit-flex;
    display: -ms-flexbox;
    display: flex;
    -webkit-align-items: stretch;
    -webkit-box-align: stretch;
    -ms-flex-align: stretch;
    align-items: stretch;
  }
}

@media screen and (-ms-high-contrast:active),(-ms-high-contrast:none) {
  .fGzpgh {
    display: -webkit-box;
    display: -webkit-flex;
    display: -ms-flexbox;
    display: flex;
    -webkit-align-items: stretch;
    -webkit-box-align: stretch;
    -ms-flex-align: stretch;
    align-items: stretch;
  }
}

@media screen and (-ms-high-contrast:active),(-ms-high-contrast:none) {
  .dWZvLk {
    display: -webkit-box;
    display: -webkit-flex;
    display: -ms-flexbox;
    display: flex;
    -webkit-align-items: stretch;
    -webkit-box-align: stretch;
    -ms-flex-align: stretch;
    align-items: stretch;
  }
}

.eowJqb {
  font-size: 18px;
  line-height: 24px;
  color: #444444;
  box-sizing: border-box;
  -webkit-text-size-adjust: 100%;
  -ms-text-size-adjust: 100%;
  -moz-osx-font-smoothing: grayscale;
  -webkit-font-smoothing: antialiased;
  border-radius: 0px;
  box-shadow: 0px 3px 8px rgba(100,100,100,0.50);
  position: fixed;
  z-index: 20;
  outline: none;
  background: #ffffff;
  color: #444444;
  opacity: 0;
  -webkit-transform-origin: top right;
  -ms-transform-origin: top right;
  transform-origin: top right;
  -webkit-animation: jNdvGQ 0.1s forwards;
  animation: jNdvGQ 0.1s forwards;
  -webkit-animation-delay: 0.01s;
  animation-delay: 0.01s;
}

@media screen and (-ms-high-contrast:active),(-ms-high-contrast:none) {
  .eowJqb {
    display: -webkit-box;
    display: -webkit-flex;
    display: -ms-flexbox;
    display: flex;
    -webkit-align-items: stretch;
    -webkit-box-align: stretch;
    -ms-flex-align: stretch;
    align-items: stretch;
  }
}"
`;

exports[`Drop align right right bottom top 1`] = `
.c0 {
  font-size: 18px;
  line-height: 24px;
  color: #444444;
  box-sizing: border-box;
  -webkit-text-size-adjust: 100%;
  -ms-text-size-adjust: 100%;
  -moz-osx-font-smoothing: grayscale;
  -webkit-font-smoothing: antialiased;
  border-radius: 0px;
  box-shadow: 0px 3px 8px rgba(100,100,100,0.50);
  position: fixed;
  z-index: 20;
  outline: none;
  background: #ffffff;
  color: #444444;
  opacity: 0;
  -webkit-transform-origin: bottom right;
  -ms-transform-origin: bottom right;
  transform-origin: bottom right;
  -webkit-animation: jNdvGQ 0.1s forwards;
  animation: jNdvGQ 0.1s forwards;
  -webkit-animation-delay: 0.01s;
  animation-delay: 0.01s;
}

@media screen and (-ms-high-contrast:active),(-ms-high-contrast:none) {
  .c0 {
    display: -webkit-box;
    display: -webkit-flex;
    display: -ms-flexbox;
    display: flex;
    -webkit-align-items: stretch;
    -webkit-box-align: stretch;
    -ms-flex-align: stretch;
    align-items: stretch;
  }
}

<div
  class="c0"
  id="drop-node"
  style="left: 0px; width: 0.1px; top: 0px; max-height: 768px;"
  tabindex="-1"
>
  this is a test
</div>
`;

exports[`Drop align right right bottom top 2`] = `
"

@media screen and (-ms-high-contrast:active),(-ms-high-contrast:none) {
  .Xwzwy {
    display: -webkit-box;
    display: -webkit-flex;
    display: -ms-flexbox;
    display: flex;
    -webkit-align-items: stretch;
    -webkit-box-align: stretch;
    -ms-flex-align: stretch;
    align-items: stretch;
  }
}

.fGzpgh {
  font-size: 18px;
  line-height: 24px;
  color: #444444;
  box-sizing: border-box;
  -webkit-text-size-adjust: 100%;
  -ms-text-size-adjust: 100%;
  -moz-osx-font-smoothing: grayscale;
  -webkit-font-smoothing: antialiased;
  border-radius: 0px;
  box-shadow: 0px 3px 8px rgba(100,100,100,0.50);
  position: fixed;
  z-index: 20;
  outline: none;
  background: #ffffff;
  color: #444444;
  opacity: 0;
  -webkit-transform-origin: bottom right;
  -ms-transform-origin: bottom right;
  transform-origin: bottom right;
  -webkit-animation: jNdvGQ 0.1s forwards;
  animation: jNdvGQ 0.1s forwards;
  -webkit-animation-delay: 0.01s;
  animation-delay: 0.01s;
}

@media screen and (-ms-high-contrast:active),(-ms-high-contrast:none) {
  .fGzpgh {
    display: -webkit-box;
    display: -webkit-flex;
    display: -ms-flexbox;
    display: flex;
    -webkit-align-items: stretch;
    -webkit-box-align: stretch;
    -ms-flex-align: stretch;
    align-items: stretch;
  }
}"
`;

exports[`Drop align right right bottom top 3`] = `
.c0 {
  font-size: 18px;
  line-height: 24px;
  color: #444444;
  box-sizing: border-box;
  -webkit-text-size-adjust: 100%;
  -ms-text-size-adjust: 100%;
  -moz-osx-font-smoothing: grayscale;
  -webkit-font-smoothing: antialiased;
  border-radius: 0px;
  box-shadow: 0px 3px 8px rgba(100,100,100,0.50);
  position: fixed;
  z-index: 20;
  outline: none;
  background: #ffffff;
  color: #444444;
  opacity: 0;
  -webkit-transform-origin: bottom right;
  -ms-transform-origin: bottom right;
  transform-origin: bottom right;
  -webkit-animation: jNdvGQ 0.1s forwards;
  animation: jNdvGQ 0.1s forwards;
  -webkit-animation-delay: 0.01s;
  animation-delay: 0.01s;
}

@media screen and (-ms-high-contrast:active),(-ms-high-contrast:none) {
  .c0 {
    display: -webkit-box;
    display: -webkit-flex;
    display: -ms-flexbox;
    display: flex;
    -webkit-align-items: stretch;
    -webkit-box-align: stretch;
    -ms-flex-align: stretch;
    align-items: stretch;
  }
}

<div
  class="c0"
  id="drop-node"
  style="left: 0px; width: 0.1px; top: 0px; max-height: 768px;"
  tabindex="-1"
>
  this is a test
</div>
`;

exports[`Drop align right right bottom top 4`] = `
"

@media screen and (-ms-high-contrast:active),(-ms-high-contrast:none) {
  .Xwzwy {
    display: -webkit-box;
    display: -webkit-flex;
    display: -ms-flexbox;
    display: flex;
    -webkit-align-items: stretch;
    -webkit-box-align: stretch;
    -ms-flex-align: stretch;
    align-items: stretch;
  }
}

.fGzpgh {
  font-size: 18px;
  line-height: 24px;
  color: #444444;
  box-sizing: border-box;
  -webkit-text-size-adjust: 100%;
  -ms-text-size-adjust: 100%;
  -moz-osx-font-smoothing: grayscale;
  -webkit-font-smoothing: antialiased;
  border-radius: 0px;
  box-shadow: 0px 3px 8px rgba(100,100,100,0.50);
  position: fixed;
  z-index: 20;
  outline: none;
  background: #ffffff;
  color: #444444;
  opacity: 0;
  -webkit-transform-origin: bottom right;
  -ms-transform-origin: bottom right;
  transform-origin: bottom right;
  -webkit-animation: jNdvGQ 0.1s forwards;
  animation: jNdvGQ 0.1s forwards;
  -webkit-animation-delay: 0.01s;
  animation-delay: 0.01s;
}

@media screen and (-ms-high-contrast:active),(-ms-high-contrast:none) {
  .fGzpgh {
    display: -webkit-box;
    display: -webkit-flex;
    display: -ms-flexbox;
    display: flex;
    -webkit-align-items: stretch;
    -webkit-box-align: stretch;
    -ms-flex-align: stretch;
    align-items: stretch;
  }
}

@media screen and (-ms-high-contrast:active),(-ms-high-contrast:none) {
  .dWZvLk {
    display: -webkit-box;
    display: -webkit-flex;
    display: -ms-flexbox;
    display: flex;
    -webkit-align-items: stretch;
    -webkit-box-align: stretch;
    -ms-flex-align: stretch;
    align-items: stretch;
  }
}

@media screen and (-ms-high-contrast:active),(-ms-high-contrast:none) {
  .eowJqb {
    display: -webkit-box;
    display: -webkit-flex;
    display: -ms-flexbox;
    display: flex;
    -webkit-align-items: stretch;
    -webkit-box-align: stretch;
    -ms-flex-align: stretch;
    align-items: stretch;
  }
}"
`;

exports[`Drop basic 1`] = `
.c0 {
  font-size: 18px;
  line-height: 24px;
  color: #444444;
  box-sizing: border-box;
  -webkit-text-size-adjust: 100%;
  -ms-text-size-adjust: 100%;
  -moz-osx-font-smoothing: grayscale;
  -webkit-font-smoothing: antialiased;
  border-radius: 0px;
  box-shadow: 0px 3px 8px rgba(100,100,100,0.50);
  position: fixed;
  z-index: 20;
  outline: none;
  background: #ffffff;
  color: #444444;
  opacity: 0;
  -webkit-transform-origin: top left;
  -ms-transform-origin: top left;
  transform-origin: top left;
  -webkit-animation: jNdvGQ 0.1s forwards;
  animation: jNdvGQ 0.1s forwards;
  -webkit-animation-delay: 0.01s;
  animation-delay: 0.01s;
}

@media screen and (-ms-high-contrast:active),(-ms-high-contrast:none) {
  .c0 {
    display: -webkit-box;
    display: -webkit-flex;
    display: -ms-flexbox;
    display: flex;
    -webkit-align-items: stretch;
    -webkit-box-align: stretch;
    -ms-flex-align: stretch;
    align-items: stretch;
  }
}

<div
  class="c0"
  id="drop-node"
  style="left: 0px; width: 0.1px; top: 0px; max-height: 768px;"
  tabindex="-1"
>
  this is a test
</div>
`;

exports[`Drop basic 2`] = `
"

.Xwzwy {
  font-size: 18px;
  line-height: 24px;
  color: #444444;
  box-sizing: border-box;
  -webkit-text-size-adjust: 100%;
  -ms-text-size-adjust: 100%;
  -moz-osx-font-smoothing: grayscale;
  -webkit-font-smoothing: antialiased;
  border-radius: 0px;
  box-shadow: 0px 3px 8px rgba(100,100,100,0.50);
  position: fixed;
  z-index: 20;
  outline: none;
  background: #ffffff;
  color: #444444;
  opacity: 0;
  -webkit-transform-origin: top left;
  -ms-transform-origin: top left;
  transform-origin: top left;
  -webkit-animation: jNdvGQ 0.1s forwards;
  animation: jNdvGQ 0.1s forwards;
  -webkit-animation-delay: 0.01s;
  animation-delay: 0.01s;
}

@media screen and (-ms-high-contrast:active),(-ms-high-contrast:none) {
  .Xwzwy {
    display: -webkit-box;
    display: -webkit-flex;
    display: -ms-flexbox;
    display: flex;
    -webkit-align-items: stretch;
    -webkit-box-align: stretch;
    -ms-flex-align: stretch;
    align-items: stretch;
  }
}"
`;

exports[`Drop close 1`] = `
.c0 {
  font-size: 18px;
  line-height: 24px;
  color: #444444;
  box-sizing: border-box;
  -webkit-text-size-adjust: 100%;
  -ms-text-size-adjust: 100%;
  -moz-osx-font-smoothing: grayscale;
  -webkit-font-smoothing: antialiased;
  border-radius: 0px;
  box-shadow: 0px 3px 8px rgba(100,100,100,0.50);
  position: fixed;
  z-index: 20;
  outline: none;
  background: #ffffff;
  color: #444444;
  opacity: 0;
  -webkit-transform-origin: top left;
  -ms-transform-origin: top left;
  transform-origin: top left;
  -webkit-animation: jNdvGQ 0.1s forwards;
  animation: jNdvGQ 0.1s forwards;
  -webkit-animation-delay: 0.01s;
  animation-delay: 0.01s;
}

@media screen and (-ms-high-contrast:active),(-ms-high-contrast:none) {
  .c0 {
    display: -webkit-box;
    display: -webkit-flex;
    display: -ms-flexbox;
    display: flex;
    -webkit-align-items: stretch;
    -webkit-box-align: stretch;
    -ms-flex-align: stretch;
    align-items: stretch;
  }
}

<div
  class="c0"
  id="drop-node"
  style="left: 0px; width: 0.1px; top: 0px; max-height: 768px;"
  tabindex="-1"
>
  this is a test
</div>
`;

exports[`Drop close 2`] = `
"

.Xwzwy {
  font-size: 18px;
  line-height: 24px;
  color: #444444;
  box-sizing: border-box;
  -webkit-text-size-adjust: 100%;
  -ms-text-size-adjust: 100%;
  -moz-osx-font-smoothing: grayscale;
  -webkit-font-smoothing: antialiased;
  border-radius: 0px;
  box-shadow: 0px 3px 8px rgba(100,100,100,0.50);
  position: fixed;
  z-index: 20;
  outline: none;
  background: #ffffff;
  color: #444444;
  opacity: 0;
  -webkit-transform-origin: top left;
  -ms-transform-origin: top left;
  transform-origin: top left;
  -webkit-animation: jNdvGQ 0.1s forwards;
  animation: jNdvGQ 0.1s forwards;
  -webkit-animation-delay: 0.01s;
  animation-delay: 0.01s;
}

@media screen and (-ms-high-contrast:active),(-ms-high-contrast:none) {
  .Xwzwy {
    display: -webkit-box;
    display: -webkit-flex;
    display: -ms-flexbox;
    display: flex;
    -webkit-align-items: stretch;
    -webkit-box-align: stretch;
    -ms-flex-align: stretch;
    align-items: stretch;
  }
}

@media screen and (-ms-high-contrast:active),(-ms-high-contrast:none) {
  .fGzpgh {
    display: -webkit-box;
    display: -webkit-flex;
    display: -ms-flexbox;
    display: flex;
    -webkit-align-items: stretch;
    -webkit-box-align: stretch;
    -ms-flex-align: stretch;
    align-items: stretch;
  }
}

@media screen and (-ms-high-contrast:active),(-ms-high-contrast:none) {
  .dWZvLk {
    display: -webkit-box;
    display: -webkit-flex;
    display: -ms-flexbox;
    display: flex;
    -webkit-align-items: stretch;
    -webkit-box-align: stretch;
    -ms-flex-align: stretch;
    align-items: stretch;
  }
}

@media screen and (-ms-high-contrast:active),(-ms-high-contrast:none) {
  .eowJqb {
    display: -webkit-box;
    display: -webkit-flex;
    display: -ms-flexbox;
    display: flex;
    -webkit-align-items: stretch;
    -webkit-box-align: stretch;
    -ms-flex-align: stretch;
    align-items: stretch;
  }
}"
`;

exports[`Drop invalid align 1`] = `
.c0 {
  font-size: 18px;
  line-height: 24px;
  color: #444444;
  box-sizing: border-box;
  -webkit-text-size-adjust: 100%;
  -ms-text-size-adjust: 100%;
  -moz-osx-font-smoothing: grayscale;
  -webkit-font-smoothing: antialiased;
  border-radius: 0px;
  box-shadow: 0px 3px 8px rgba(100,100,100,0.50);
  position: fixed;
  z-index: 20;
  outline: none;
  background: #ffffff;
  color: #444444;
  opacity: 0;
  -webkit-transform-origin: top left;
  -ms-transform-origin: top left;
  transform-origin: top left;
  -webkit-animation: jNdvGQ 0.1s forwards;
  animation: jNdvGQ 0.1s forwards;
  -webkit-animation-delay: 0.01s;
  animation-delay: 0.01s;
}

@media screen and (-ms-high-contrast:active),(-ms-high-contrast:none) {
  .c0 {
    display: -webkit-box;
    display: -webkit-flex;
    display: -ms-flexbox;
    display: flex;
    -webkit-align-items: stretch;
    -webkit-box-align: stretch;
    -ms-flex-align: stretch;
    align-items: stretch;
  }
}

<div
  class="c0"
  id="drop-node"
  style="left: 0px; width: 0.1px; top: 0px; max-height: 768px;"
  tabindex="-1"
>
  this is a test
</div>
`;

exports[`Drop invalid align 2`] = `
"

.Xwzwy {
  font-size: 18px;
  line-height: 24px;
  color: #444444;
  box-sizing: border-box;
  -webkit-text-size-adjust: 100%;
  -ms-text-size-adjust: 100%;
  -moz-osx-font-smoothing: grayscale;
  -webkit-font-smoothing: antialiased;
  border-radius: 0px;
  box-shadow: 0px 3px 8px rgba(100,100,100,0.50);
  position: fixed;
  z-index: 20;
  outline: none;
  background: #ffffff;
  color: #444444;
  opacity: 0;
  -webkit-transform-origin: top left;
  -ms-transform-origin: top left;
  transform-origin: top left;
  -webkit-animation: jNdvGQ 0.1s forwards;
  animation: jNdvGQ 0.1s forwards;
  -webkit-animation-delay: 0.01s;
  animation-delay: 0.01s;
}

@media screen and (-ms-high-contrast:active),(-ms-high-contrast:none) {
  .Xwzwy {
    display: -webkit-box;
    display: -webkit-flex;
    display: -ms-flexbox;
    display: flex;
    -webkit-align-items: stretch;
    -webkit-box-align: stretch;
    -ms-flex-align: stretch;
    align-items: stretch;
  }
}

@media screen and (-ms-high-contrast:active),(-ms-high-contrast:none) {
  .fGzpgh {
    display: -webkit-box;
    display: -webkit-flex;
    display: -ms-flexbox;
    display: flex;
    -webkit-align-items: stretch;
    -webkit-box-align: stretch;
    -ms-flex-align: stretch;
    align-items: stretch;
  }
}

@media screen and (-ms-high-contrast:active),(-ms-high-contrast:none) {
  .dWZvLk {
    display: -webkit-box;
    display: -webkit-flex;
    display: -ms-flexbox;
    display: flex;
    -webkit-align-items: stretch;
    -webkit-box-align: stretch;
    -ms-flex-align: stretch;
    align-items: stretch;
  }
}

@media screen and (-ms-high-contrast:active),(-ms-high-contrast:none) {
  .eowJqb {
    display: -webkit-box;
    display: -webkit-flex;
    display: -ms-flexbox;
    display: flex;
    -webkit-align-items: stretch;
    -webkit-box-align: stretch;
    -ms-flex-align: stretch;
    align-items: stretch;
  }
}"
`;

exports[`Drop invoke onClickOutside 1`] = `
.c0 {
  font-size: 18px;
  line-height: 24px;
  color: #444444;
  box-sizing: border-box;
  -webkit-text-size-adjust: 100%;
  -ms-text-size-adjust: 100%;
  -moz-osx-font-smoothing: grayscale;
  -webkit-font-smoothing: antialiased;
  border-radius: 0px;
  box-shadow: 0px 3px 8px rgba(100,100,100,0.50);
  position: fixed;
  z-index: 20;
  outline: none;
  background: #ffffff;
  color: #444444;
  opacity: 0;
  -webkit-transform-origin: top left;
  -ms-transform-origin: top left;
  transform-origin: top left;
  -webkit-animation: jNdvGQ 0.1s forwards;
  animation: jNdvGQ 0.1s forwards;
  -webkit-animation-delay: 0.01s;
  animation-delay: 0.01s;
}

@media screen and (-ms-high-contrast:active),(-ms-high-contrast:none) {
  .c0 {
    display: -webkit-box;
    display: -webkit-flex;
    display: -ms-flexbox;
    display: flex;
    -webkit-align-items: stretch;
    -webkit-box-align: stretch;
    -ms-flex-align: stretch;
    align-items: stretch;
  }
}

<div
  class="c0"
  id="drop-node"
  style="left: 0px; width: 0.1px; top: 0px; max-height: 768px;"
  tabindex="-1"
>
  this is a test
</div>
`;

exports[`Drop invoke onClickOutside 2`] = `
"

.Xwzwy {
  font-size: 18px;
  line-height: 24px;
  color: #444444;
  box-sizing: border-box;
  -webkit-text-size-adjust: 100%;
  -ms-text-size-adjust: 100%;
  -moz-osx-font-smoothing: grayscale;
  -webkit-font-smoothing: antialiased;
  border-radius: 0px;
  box-shadow: 0px 3px 8px rgba(100,100,100,0.50);
  position: fixed;
  z-index: 20;
  outline: none;
  background: #ffffff;
  color: #444444;
  opacity: 0;
  -webkit-transform-origin: top left;
  -ms-transform-origin: top left;
  transform-origin: top left;
  -webkit-animation: jNdvGQ 0.1s forwards;
  animation: jNdvGQ 0.1s forwards;
  -webkit-animation-delay: 0.01s;
  animation-delay: 0.01s;
}

@media screen and (-ms-high-contrast:active),(-ms-high-contrast:none) {
  .Xwzwy {
    display: -webkit-box;
    display: -webkit-flex;
    display: -ms-flexbox;
    display: flex;
    -webkit-align-items: stretch;
    -webkit-box-align: stretch;
    -ms-flex-align: stretch;
    align-items: stretch;
  }
}

@media screen and (-ms-high-contrast:active),(-ms-high-contrast:none) {
  .fGzpgh {
    display: -webkit-box;
    display: -webkit-flex;
    display: -ms-flexbox;
    display: flex;
    -webkit-align-items: stretch;
    -webkit-box-align: stretch;
    -ms-flex-align: stretch;
    align-items: stretch;
  }
}

@media screen and (-ms-high-contrast:active),(-ms-high-contrast:none) {
  .dWZvLk {
    display: -webkit-box;
    display: -webkit-flex;
    display: -ms-flexbox;
    display: flex;
    -webkit-align-items: stretch;
    -webkit-box-align: stretch;
    -ms-flex-align: stretch;
    align-items: stretch;
  }
}

@media screen and (-ms-high-contrast:active),(-ms-high-contrast:none) {
  .eowJqb {
    display: -webkit-box;
    display: -webkit-flex;
    display: -ms-flexbox;
    display: flex;
    -webkit-align-items: stretch;
    -webkit-box-align: stretch;
    -ms-flex-align: stretch;
    align-items: stretch;
  }
}"
`;

exports[`Drop no stretch 1`] = `
.c0 {
  font-size: 18px;
  line-height: 24px;
  color: #444444;
  box-sizing: border-box;
  -webkit-text-size-adjust: 100%;
  -ms-text-size-adjust: 100%;
  -moz-osx-font-smoothing: grayscale;
  -webkit-font-smoothing: antialiased;
  border-radius: 0px;
  box-shadow: 0px 3px 8px rgba(100,100,100,0.50);
  position: fixed;
  z-index: 20;
  outline: none;
  background: #ffffff;
  color: #444444;
  opacity: 0;
  -webkit-transform-origin: top left;
  -ms-transform-origin: top left;
  transform-origin: top left;
  -webkit-animation: jNdvGQ 0.1s forwards;
  animation: jNdvGQ 0.1s forwards;
  -webkit-animation-delay: 0.01s;
  animation-delay: 0.01s;
}

@media screen and (-ms-high-contrast:active),(-ms-high-contrast:none) {
  .c0 {
    display: -webkit-box;
    display: -webkit-flex;
    display: -ms-flexbox;
    display: flex;
    -webkit-align-items: stretch;
    -webkit-box-align: stretch;
    -ms-flex-align: stretch;
    align-items: stretch;
  }
}

<div
  class="c0"
  id="drop-node"
  style="left: 0px; top: 0px; max-height: 768px;"
  tabindex="-1"
>
  this is a test
</div>
`;

exports[`Drop no stretch 2`] = `
"

.Xwzwy {
  font-size: 18px;
  line-height: 24px;
  color: #444444;
  box-sizing: border-box;
  -webkit-text-size-adjust: 100%;
  -ms-text-size-adjust: 100%;
  -moz-osx-font-smoothing: grayscale;
  -webkit-font-smoothing: antialiased;
  border-radius: 0px;
  box-shadow: 0px 3px 8px rgba(100,100,100,0.50);
  position: fixed;
  z-index: 20;
  outline: none;
  background: #ffffff;
  color: #444444;
  opacity: 0;
  -webkit-transform-origin: top left;
  -ms-transform-origin: top left;
  transform-origin: top left;
  -webkit-animation: jNdvGQ 0.1s forwards;
  animation: jNdvGQ 0.1s forwards;
  -webkit-animation-delay: 0.01s;
  animation-delay: 0.01s;
}

@media screen and (-ms-high-contrast:active),(-ms-high-contrast:none) {
  .Xwzwy {
    display: -webkit-box;
    display: -webkit-flex;
    display: -ms-flexbox;
    display: flex;
    -webkit-align-items: stretch;
    -webkit-box-align: stretch;
    -ms-flex-align: stretch;
    align-items: stretch;
  }
}

@media screen and (-ms-high-contrast:active),(-ms-high-contrast:none) {
  .fGzpgh {
    display: -webkit-box;
    display: -webkit-flex;
    display: -ms-flexbox;
    display: flex;
    -webkit-align-items: stretch;
    -webkit-box-align: stretch;
    -ms-flex-align: stretch;
    align-items: stretch;
  }
}

@media screen and (-ms-high-contrast:active),(-ms-high-contrast:none) {
  .dWZvLk {
    display: -webkit-box;
    display: -webkit-flex;
    display: -ms-flexbox;
    display: flex;
    -webkit-align-items: stretch;
    -webkit-box-align: stretch;
    -ms-flex-align: stretch;
    align-items: stretch;
  }
}

@media screen and (-ms-high-contrast:active),(-ms-high-contrast:none) {
  .eowJqb {
    display: -webkit-box;
    display: -webkit-flex;
    display: -ms-flexbox;
    display: flex;
    -webkit-align-items: stretch;
    -webkit-box-align: stretch;
    -ms-flex-align: stretch;
    align-items: stretch;
  }
}"
`;

exports[`Drop resize 1`] = `
.c0 {
  font-size: 18px;
  line-height: 24px;
  color: #444444;
  box-sizing: border-box;
  -webkit-text-size-adjust: 100%;
  -ms-text-size-adjust: 100%;
  -moz-osx-font-smoothing: grayscale;
  -webkit-font-smoothing: antialiased;
  border-radius: 0px;
  box-shadow: 0px 3px 8px rgba(100,100,100,0.50);
  position: fixed;
  z-index: 20;
  outline: none;
  background: #ffffff;
  color: #444444;
  opacity: 0;
  -webkit-transform-origin: top left;
  -ms-transform-origin: top left;
  transform-origin: top left;
  -webkit-animation: jNdvGQ 0.1s forwards;
  animation: jNdvGQ 0.1s forwards;
  -webkit-animation-delay: 0.01s;
  animation-delay: 0.01s;
}

@media screen and (-ms-high-contrast:active),(-ms-high-contrast:none) {
  .c0 {
    display: -webkit-box;
    display: -webkit-flex;
    display: -ms-flexbox;
    display: flex;
    -webkit-align-items: stretch;
    -webkit-box-align: stretch;
    -ms-flex-align: stretch;
    align-items: stretch;
  }
}

<div
  class="c0"
  id="drop-node"
  style="left: 0px; width: 0.1px; top: 0px; max-height: 1000px;"
  tabindex="-1"
>
  this is a test
</div>
`;

exports[`Drop resize 2`] = `
"

.Xwzwy {
  font-size: 18px;
  line-height: 24px;
  color: #444444;
  box-sizing: border-box;
  -webkit-text-size-adjust: 100%;
  -ms-text-size-adjust: 100%;
  -moz-osx-font-smoothing: grayscale;
  -webkit-font-smoothing: antialiased;
  border-radius: 0px;
  box-shadow: 0px 3px 8px rgba(100,100,100,0.50);
  position: fixed;
  z-index: 20;
  outline: none;
  background: #ffffff;
  color: #444444;
  opacity: 0;
  -webkit-transform-origin: top left;
  -ms-transform-origin: top left;
  transform-origin: top left;
  -webkit-animation: jNdvGQ 0.1s forwards;
  animation: jNdvGQ 0.1s forwards;
  -webkit-animation-delay: 0.01s;
  animation-delay: 0.01s;
}

@media screen and (-ms-high-contrast:active),(-ms-high-contrast:none) {
  .Xwzwy {
    display: -webkit-box;
    display: -webkit-flex;
    display: -ms-flexbox;
    display: flex;
    -webkit-align-items: stretch;
    -webkit-box-align: stretch;
    -ms-flex-align: stretch;
    align-items: stretch;
  }
}

@media screen and (-ms-high-contrast:active),(-ms-high-contrast:none) {
  .fGzpgh {
    display: -webkit-box;
    display: -webkit-flex;
    display: -ms-flexbox;
    display: flex;
    -webkit-align-items: stretch;
    -webkit-box-align: stretch;
    -ms-flex-align: stretch;
    align-items: stretch;
  }
}

@media screen and (-ms-high-contrast:active),(-ms-high-contrast:none) {
  .dWZvLk {
    display: -webkit-box;
    display: -webkit-flex;
    display: -ms-flexbox;
    display: flex;
    -webkit-align-items: stretch;
    -webkit-box-align: stretch;
    -ms-flex-align: stretch;
    align-items: stretch;
  }
}

@media screen and (-ms-high-contrast:active),(-ms-high-contrast:none) {
  .eowJqb {
    display: -webkit-box;
    display: -webkit-flex;
    display: -ms-flexbox;
    display: flex;
    -webkit-align-items: stretch;
    -webkit-box-align: stretch;
    -ms-flex-align: stretch;
    align-items: stretch;
  }
}"
`;

exports[`Drop restrict focus 1`] = `
.c0 {
  font-size: 18px;
  line-height: 24px;
  color: #444444;
  box-sizing: border-box;
  -webkit-text-size-adjust: 100%;
  -ms-text-size-adjust: 100%;
  -moz-osx-font-smoothing: grayscale;
  -webkit-font-smoothing: antialiased;
  border-radius: 0px;
  box-shadow: 0px 3px 8px rgba(100,100,100,0.50);
  position: fixed;
  z-index: 20;
  outline: none;
  background: #ffffff;
  color: #444444;
  opacity: 0;
  -webkit-transform-origin: top left;
  -ms-transform-origin: top left;
  transform-origin: top left;
  -webkit-animation: jNdvGQ 0.1s forwards;
  animation: jNdvGQ 0.1s forwards;
  -webkit-animation-delay: 0.01s;
  animation-delay: 0.01s;
}

@media screen and (-ms-high-contrast:active),(-ms-high-contrast:none) {
  .c0 {
    display: -webkit-box;
    display: -webkit-flex;
    display: -ms-flexbox;
    display: flex;
    -webkit-align-items: stretch;
    -webkit-box-align: stretch;
    -ms-flex-align: stretch;
    align-items: stretch;
  }
}

<div
  class="c0"
  id="drop-node"
  style="left: 0px; width: 0.1px; top: 0px; max-height: 1000px;"
  tabindex="-1"
>
  this is a test
</div>
`;

exports[`Drop restrict focus 2`] = `
<div
  class="StyledDrop-sc-16s5rx8-0 Xwzwy"
  id="drop-node"
  style="left: 0px; width: 0.1px; top: 0px; max-height: 1000px;"
  tabindex="-1"
>
  this is a test
</div>
`;

exports[`Drop restrict focus 3`] = `
"

.Xwzwy {
  font-size: 18px;
  line-height: 24px;
  color: #444444;
  box-sizing: border-box;
  -webkit-text-size-adjust: 100%;
  -ms-text-size-adjust: 100%;
  -moz-osx-font-smoothing: grayscale;
  -webkit-font-smoothing: antialiased;
  border-radius: 0px;
  box-shadow: 0px 3px 8px rgba(100,100,100,0.50);
  position: fixed;
  z-index: 20;
  outline: none;
  background: #ffffff;
  color: #444444;
  opacity: 0;
  -webkit-transform-origin: top left;
  -ms-transform-origin: top left;
  transform-origin: top left;
  -webkit-animation: jNdvGQ 0.1s forwards;
  animation: jNdvGQ 0.1s forwards;
  -webkit-animation-delay: 0.01s;
  animation-delay: 0.01s;
}

@media screen and (-ms-high-contrast:active),(-ms-high-contrast:none) {
  .Xwzwy {
    display: -webkit-box;
    display: -webkit-flex;
    display: -ms-flexbox;
    display: flex;
    -webkit-align-items: stretch;
    -webkit-box-align: stretch;
    -ms-flex-align: stretch;
    align-items: stretch;
  }
}

@media screen and (-ms-high-contrast:active),(-ms-high-contrast:none) {
  .fGzpgh {
    display: -webkit-box;
    display: -webkit-flex;
    display: -ms-flexbox;
    display: flex;
    -webkit-align-items: stretch;
    -webkit-box-align: stretch;
    -ms-flex-align: stretch;
    align-items: stretch;
  }
}

@media screen and (-ms-high-contrast:active),(-ms-high-contrast:none) {
  .dWZvLk {
    display: -webkit-box;
    display: -webkit-flex;
    display: -ms-flexbox;
    display: flex;
    -webkit-align-items: stretch;
    -webkit-box-align: stretch;
    -ms-flex-align: stretch;
    align-items: stretch;
  }
}

@media screen and (-ms-high-contrast:active),(-ms-high-contrast:none) {
  .eowJqb {
    display: -webkit-box;
    display: -webkit-flex;
    display: -ms-flexbox;
    display: flex;
    -webkit-align-items: stretch;
    -webkit-box-align: stretch;
    -ms-flex-align: stretch;
    align-items: stretch;
  }
}"
`;

exports[`Drop restrict focus 4`] = `<body />`;
